<!doctype html public "-//w3c//dtd html 4.0 transitional//en">
<html><head>
<title>Static Call Graph - [.\Outputs\Objects\Template.axf]</title></head>
<body><HR>
<H1>Static Call Graph for image .\Outputs\Objects\Template.axf</H1><HR>
<BR><P>#&#060CALLGRAPH&#062# ARM Linker, 6190004: Last Updated: Wed Oct 16 22:22:28 2024
<BR><P>
<H3>Maximum Stack Usage =         52 bytes + Unknown(Cycles, Untraceable Function Pointers)</H3><H3>
Call chain for Maximum Stack Depth:</H3>
main &rArr; SystemInit &rArr; SystemCoreClockUpdate &rArr; Sysctrl_GetHClkFreq
<P>
<H3>
Mutually Recursive functions
</H3> <LI><a href="#[1]">NMI_Handler</a>&nbsp;&nbsp;&nbsp;&rArr;&nbsp;&nbsp;&nbsp;<a href="#[1]">NMI_Handler</a><BR>
 <LI><a href="#[3]">SVC_Handler</a>&nbsp;&nbsp;&nbsp;&rArr;&nbsp;&nbsp;&nbsp;<a href="#[3]">SVC_Handler</a><BR>
 <LI><a href="#[4]">PendSV_Handler</a>&nbsp;&nbsp;&nbsp;&rArr;&nbsp;&nbsp;&nbsp;<a href="#[4]">PendSV_Handler</a><BR>
 <LI><a href="#[17]">Dummy_Handler</a>&nbsp;&nbsp;&nbsp;&rArr;&nbsp;&nbsp;&nbsp;<a href="#[17]">Dummy_Handler</a><BR>
 <LI><a href="#[29]">$Super$$main</a>&nbsp;&nbsp;&nbsp;&rArr;&nbsp;&nbsp;&nbsp;<a href="#[29]">$Super$$main</a><BR>
</UL>
<P>
<H3>
Function Pointers
</H3><UL>
 <LI><a href="#[1d]">ADC_DAC_IRQHandler</a> from interrupts_hc32f072.o(.text.ADC_DAC_IRQHandler) referenced from startup_hc32f072.o(RESET)
 <LI><a href="#[20]">CAN_IRQHandler</a> from interrupts_hc32f072.o(.text.CAN_IRQHandler) referenced from startup_hc32f072.o(RESET)
 <LI><a href="#[22]">CLKTRIM_CTS_IRQHandler</a> from interrupts_hc32f072.o(.text.CLKTRIM_CTS_IRQHandler) referenced from startup_hc32f072.o(RESET)
 <LI><a href="#[a]">DMAC_IRQHandler</a> from interrupts_hc32f072.o(.text.DMAC_IRQHandler) referenced from startup_hc32f072.o(RESET)
 <LI><a href="#[17]">Dummy_Handler</a> from startup_hc32f072.o(.text) referenced 4 times from startup_hc32f072.o(RESET)
 <LI><a href="#[21]">FLASH_RAM_IRQHandler</a> from interrupts_hc32f072.o(.text.FLASH_RAM_IRQHandler) referenced from startup_hc32f072.o(RESET)
 <LI><a href="#[2]">HardFault_Handler</a> from interrupts_hc32f072.o(.text.HardFault_Handler) referenced from startup_hc32f072.o(RESET)
 <LI><a href="#[12]">I2C0_IRQHandler</a> from interrupts_hc32f072.o(.text.I2C0_IRQHandler) referenced from startup_hc32f072.o(RESET)
 <LI><a href="#[13]">I2C1_IRQHandler</a> from interrupts_hc32f072.o(.text.I2C1_IRQHandler) referenced from startup_hc32f072.o(RESET)
 <LI><a href="#[e]">LPUART0_IRQHandler</a> from interrupts_hc32f072.o(.text.LPUART0_IRQHandler) referenced from startup_hc32f072.o(RESET)
 <LI><a href="#[f]">LPUART1_IRQHandler</a> from interrupts_hc32f072.o(.text.LPUART1_IRQHandler) referenced from startup_hc32f072.o(RESET)
 <LI><a href="#[1]">NMI_Handler</a> from startup_hc32f072.o(.text) referenced from startup_hc32f072.o(RESET)
 <LI><a href="#[1b]">PCA_IRQHandler</a> from interrupts_hc32f072.o(.text.PCA_IRQHandler) referenced from startup_hc32f072.o(RESET)
 <LI><a href="#[6]">PORTA_IRQHandler</a> from interrupts_hc32f072.o(.text.PORTA_IRQHandler) referenced from startup_hc32f072.o(RESET)
 <LI><a href="#[7]">PORTB_IRQHandler</a> from interrupts_hc32f072.o(.text.PORTB_IRQHandler) referenced from startup_hc32f072.o(RESET)
 <LI><a href="#[8]">PORTC_E_IRQHandler</a> from interrupts_hc32f072.o(.text.PORTC_E_IRQHandler) referenced from startup_hc32f072.o(RESET)
 <LI><a href="#[9]">PORTD_F_IRQHandler</a> from interrupts_hc32f072.o(.text.PORTD_F_IRQHandler) referenced from startup_hc32f072.o(RESET)
 <LI><a href="#[4]">PendSV_Handler</a> from startup_hc32f072.o(.text) referenced from startup_hc32f072.o(RESET)
 <LI><a href="#[0]">Reset_Handler</a> from startup_hc32f072.o(.text) referenced from startup_hc32f072.o(RESET)
 <LI><a href="#[10]">SPI0_I2S0_IRQHandler</a> from interrupts_hc32f072.o(.text.SPI0_I2S0_IRQHandler) referenced from startup_hc32f072.o(RESET)
 <LI><a href="#[11]">SPI1_I2S1_IRQHandler</a> from interrupts_hc32f072.o(.text.SPI1_I2S1_IRQHandler) referenced from startup_hc32f072.o(RESET)
 <LI><a href="#[3]">SVC_Handler</a> from startup_hc32f072.o(.text) referenced from startup_hc32f072.o(RESET)
 <LI><a href="#[5]">SysTick_Handler</a> from interrupts_hc32f072.o(.text.SysTick_Handler) referenced from startup_hc32f072.o(RESET)
 <LI><a href="#[24]">SystemInit</a> from system_hc32f072.o(.text.SystemInit) referenced from startup_hc32f072.o(.text)
 <LI><a href="#[14]">TIM0_IRQHandler</a> from interrupts_hc32f072.o(.text.TIM0_IRQHandler) referenced from startup_hc32f072.o(RESET)
 <LI><a href="#[15]">TIM1_IRQHandler</a> from interrupts_hc32f072.o(.text.TIM1_IRQHandler) referenced from startup_hc32f072.o(RESET)
 <LI><a href="#[16]">TIM2_IRQHandler</a> from interrupts_hc32f072.o(.text.TIM2_IRQHandler) referenced from startup_hc32f072.o(RESET)
 <LI><a href="#[b]">TIM3_IRQHandler</a> from interrupts_hc32f072.o(.text.TIM3_IRQHandler) referenced from startup_hc32f072.o(RESET)
 <LI><a href="#[18]">TIM4_IRQHandler</a> from interrupts_hc32f072.o(.text.TIM4_IRQHandler) referenced from startup_hc32f072.o(RESET)
 <LI><a href="#[19]">TIM5_IRQHandler</a> from interrupts_hc32f072.o(.text.TIM5_IRQHandler) referenced from startup_hc32f072.o(RESET)
 <LI><a href="#[1a]">TIM6_IRQHandler</a> from interrupts_hc32f072.o(.text.TIM6_IRQHandler) referenced from startup_hc32f072.o(RESET)
 <LI><a href="#[c]">UART0_2_IRQHandler</a> from interrupts_hc32f072.o(.text.UART0_2_IRQHandler) referenced from startup_hc32f072.o(RESET)
 <LI><a href="#[d]">UART1_3_IRQHandler</a> from interrupts_hc32f072.o(.text.UART1_3_IRQHandler) referenced from startup_hc32f072.o(RESET)
 <LI><a href="#[1f]">USBFS_IRQHandler</a> from interrupts_hc32f072.o(.text.USBFS_IRQHandler) referenced from startup_hc32f072.o(RESET)
 <LI><a href="#[1e]">VC0_1_2_LVD_IRQHandler</a> from interrupts_hc32f072.o(.text.VC0_1_2_LVD_IRQHandler) referenced from startup_hc32f072.o(RESET)
 <LI><a href="#[1c]">WDT_IRQHandler</a> from interrupts_hc32f072.o(.text.WDT_IRQHandler) referenced from startup_hc32f072.o(RESET)
 <LI><a href="#[25]">__main</a> from entry.o(.ARM.Collect$$$$00000000) referenced from startup_hc32f072.o(.text)
 <LI><a href="#[23]">main</a> from system_hc32f072.o(.text.$Sub$$main) referenced from entry9a.o(.ARM.Collect$$$$0000000B)
</UL>
<P>
<H3>
Global Symbols
</H3>
<P><STRONG><a name="[25]"></a>__main</STRONG> (Thumb, 0 bytes, Stack size unknown bytes, entry.o(.ARM.Collect$$$$00000000))
<BR>[Address Reference Count : 1]<UL><LI> startup_hc32f072.o(.text)
</UL>
<P><STRONG><a name="[55]"></a>_main_stk</STRONG> (Thumb, 0 bytes, Stack size unknown bytes, entry2.o(.ARM.Collect$$$$00000001))

<P><STRONG><a name="[26]"></a>_main_scatterload</STRONG> (Thumb, 0 bytes, Stack size unknown bytes, entry5.o(.ARM.Collect$$$$00000004))
<BR><BR>[Calls]<UL><LI><a href="#[27]">&gt;&gt;</a>&nbsp;&nbsp;&nbsp;__scatterload
</UL>

<P><STRONG><a name="[28]"></a>__main_after_scatterload</STRONG> (Thumb, 0 bytes, Stack size unknown bytes, entry5.o(.ARM.Collect$$$$00000004))
<BR><BR>[Called By]<UL><LI><a href="#[27]">&gt;&gt;</a>&nbsp;&nbsp;&nbsp;__scatterload
</UL>

<P><STRONG><a name="[56]"></a>_main_clock</STRONG> (Thumb, 0 bytes, Stack size unknown bytes, entry7b.o(.ARM.Collect$$$$00000008))

<P><STRONG><a name="[57]"></a>_main_cpp_init</STRONG> (Thumb, 0 bytes, Stack size unknown bytes, entry8b.o(.ARM.Collect$$$$0000000A))

<P><STRONG><a name="[58]"></a>_main_init</STRONG> (Thumb, 0 bytes, Stack size unknown bytes, entry9a.o(.ARM.Collect$$$$0000000B))

<P><STRONG><a name="[59]"></a>__rt_final_cpp</STRONG> (Thumb, 0 bytes, Stack size unknown bytes, entry10a.o(.ARM.Collect$$$$0000000D))

<P><STRONG><a name="[5a]"></a>__rt_final_exit</STRONG> (Thumb, 0 bytes, Stack size unknown bytes, entry11a.o(.ARM.Collect$$$$0000000F))

<P><STRONG><a name="[0]"></a>Reset_Handler</STRONG> (Thumb, 26 bytes, Stack size 0 bytes, startup_hc32f072.o(.text))
<BR>[Address Reference Count : 1]<UL><LI> startup_hc32f072.o(RESET)
</UL>
<P><STRONG><a name="[1]"></a>NMI_Handler</STRONG> (Thumb, 2 bytes, Stack size 0 bytes, startup_hc32f072.o(.text))
<BR><BR>[Calls]<UL><LI><a href="#[1]">&gt;&gt;</a>&nbsp;&nbsp;&nbsp;NMI_Handler
</UL>
<BR>[Called By]<UL><LI><a href="#[1]">&gt;&gt;</a>&nbsp;&nbsp;&nbsp;NMI_Handler
</UL>
<BR>[Address Reference Count : 1]<UL><LI> startup_hc32f072.o(RESET)
</UL>
<P><STRONG><a name="[3]"></a>SVC_Handler</STRONG> (Thumb, 2 bytes, Stack size 0 bytes, startup_hc32f072.o(.text))
<BR><BR>[Calls]<UL><LI><a href="#[3]">&gt;&gt;</a>&nbsp;&nbsp;&nbsp;SVC_Handler
</UL>
<BR>[Called By]<UL><LI><a href="#[3]">&gt;&gt;</a>&nbsp;&nbsp;&nbsp;SVC_Handler
</UL>
<BR>[Address Reference Count : 1]<UL><LI> startup_hc32f072.o(RESET)
</UL>
<P><STRONG><a name="[4]"></a>PendSV_Handler</STRONG> (Thumb, 2 bytes, Stack size 0 bytes, startup_hc32f072.o(.text))
<BR><BR>[Calls]<UL><LI><a href="#[4]">&gt;&gt;</a>&nbsp;&nbsp;&nbsp;PendSV_Handler
</UL>
<BR>[Called By]<UL><LI><a href="#[4]">&gt;&gt;</a>&nbsp;&nbsp;&nbsp;PendSV_Handler
</UL>
<BR>[Address Reference Count : 1]<UL><LI> startup_hc32f072.o(RESET)
</UL>
<P><STRONG><a name="[17]"></a>Dummy_Handler</STRONG> (Thumb, 0 bytes, Stack size 0 bytes, startup_hc32f072.o(.text))
<BR><BR>[Calls]<UL><LI><a href="#[17]">&gt;&gt;</a>&nbsp;&nbsp;&nbsp;Dummy_Handler
</UL>
<BR>[Called By]<UL><LI><a href="#[17]">&gt;&gt;</a>&nbsp;&nbsp;&nbsp;Dummy_Handler
</UL>
<BR>[Address Reference Count : 1]<UL><LI> startup_hc32f072.o(RESET)
</UL>
<P><STRONG><a name="[27]"></a>__scatterload</STRONG> (Thumb, 28 bytes, Stack size 0 bytes, init.o(.text))
<BR><BR>[Calls]<UL><LI><a href="#[28]">&gt;&gt;</a>&nbsp;&nbsp;&nbsp;__main_after_scatterload
</UL>
<BR>[Called By]<UL><LI><a href="#[26]">&gt;&gt;</a>&nbsp;&nbsp;&nbsp;_main_scatterload
</UL>

<P><STRONG><a name="[5b]"></a>__scatterload_rt2</STRONG> (Thumb, 0 bytes, Stack size 0 bytes, init.o(.text), UNUSED)

<P><STRONG><a name="[23]"></a>main</STRONG> (Thumb, 14 bytes, Stack size 8 bytes, system_hc32f072.o(.text.$Sub$$main))
<BR><BR>[Stack]<UL><LI>Max Depth = 52<LI>Call Chain = main &rArr; SystemInit &rArr; SystemCoreClockUpdate &rArr; Sysctrl_GetHClkFreq
</UL>
<BR>[Calls]<UL><LI><a href="#[29]">&gt;&gt;</a>&nbsp;&nbsp;&nbsp;$Super$$main
<LI><a href="#[24]">&gt;&gt;</a>&nbsp;&nbsp;&nbsp;SystemInit
</UL>
<BR>[Address Reference Count : 1]<UL><LI> entry9a.o(.ARM.Collect$$$$0000000B)
</UL>
<P><STRONG><a name="[1d]"></a>ADC_DAC_IRQHandler</STRONG> (Thumb, 12 bytes, Stack size 8 bytes, interrupts_hc32f072.o(.text.ADC_DAC_IRQHandler))
<BR><BR>[Stack]<UL><LI>Max Depth = 8<LI>Call Chain = ADC_DAC_IRQHandler
</UL>
<BR>[Calls]<UL><LI><a href="#[2b]">&gt;&gt;</a>&nbsp;&nbsp;&nbsp;Dac_IRQHandler (Weak Reference)
<LI><a href="#[2a]">&gt;&gt;</a>&nbsp;&nbsp;&nbsp;Adc_IRQHandler (Weak Reference)
</UL>
<BR>[Address Reference Count : 1]<UL><LI> startup_hc32f072.o(RESET)
</UL>
<P><STRONG><a name="[20]"></a>CAN_IRQHandler</STRONG> (Thumb, 8 bytes, Stack size 8 bytes, interrupts_hc32f072.o(.text.CAN_IRQHandler))
<BR><BR>[Stack]<UL><LI>Max Depth = 8<LI>Call Chain = CAN_IRQHandler
</UL>
<BR>[Calls]<UL><LI><a href="#[2c]">&gt;&gt;</a>&nbsp;&nbsp;&nbsp;Can_IRQHandler (Weak Reference)
</UL>
<BR>[Address Reference Count : 1]<UL><LI> startup_hc32f072.o(RESET)
</UL>
<P><STRONG><a name="[22]"></a>CLKTRIM_CTS_IRQHandler</STRONG> (Thumb, 12 bytes, Stack size 8 bytes, interrupts_hc32f072.o(.text.CLKTRIM_CTS_IRQHandler))
<BR><BR>[Stack]<UL><LI>Max Depth = 8<LI>Call Chain = CLKTRIM_CTS_IRQHandler
</UL>
<BR>[Calls]<UL><LI><a href="#[2e]">&gt;&gt;</a>&nbsp;&nbsp;&nbsp;Cts_IRQHandler (Weak Reference)
<LI><a href="#[2d]">&gt;&gt;</a>&nbsp;&nbsp;&nbsp;ClkTrim_IRQHandler (Weak Reference)
</UL>
<BR>[Address Reference Count : 1]<UL><LI> startup_hc32f072.o(RESET)
</UL>
<P><STRONG><a name="[a]"></a>DMAC_IRQHandler</STRONG> (Thumb, 8 bytes, Stack size 8 bytes, interrupts_hc32f072.o(.text.DMAC_IRQHandler))
<BR><BR>[Stack]<UL><LI>Max Depth = 8<LI>Call Chain = DMAC_IRQHandler
</UL>
<BR>[Calls]<UL><LI><a href="#[2f]">&gt;&gt;</a>&nbsp;&nbsp;&nbsp;Dmac_IRQHandler (Weak Reference)
</UL>
<BR>[Address Reference Count : 1]<UL><LI> startup_hc32f072.o(RESET)
</UL>
<P><STRONG><a name="[21]"></a>FLASH_RAM_IRQHandler</STRONG> (Thumb, 12 bytes, Stack size 8 bytes, interrupts_hc32f072.o(.text.FLASH_RAM_IRQHandler))
<BR><BR>[Stack]<UL><LI>Max Depth = 8<LI>Call Chain = FLASH_RAM_IRQHandler
</UL>
<BR>[Calls]<UL><LI><a href="#[31]">&gt;&gt;</a>&nbsp;&nbsp;&nbsp;Ram_IRQHandler (Weak Reference)
<LI><a href="#[30]">&gt;&gt;</a>&nbsp;&nbsp;&nbsp;Flash_IRQHandler (Weak Reference)
</UL>
<BR>[Address Reference Count : 1]<UL><LI> startup_hc32f072.o(RESET)
</UL>
<P><STRONG><a name="[2]"></a>HardFault_Handler</STRONG> (Thumb, 16 bytes, Stack size 4 bytes, interrupts_hc32f072.o(.text.HardFault_Handler))
<BR><BR>[Stack]<UL><LI>Max Depth = 4<LI>Call Chain = HardFault_Handler
</UL>
<BR>[Address Reference Count : 1]<UL><LI> startup_hc32f072.o(RESET)
</UL>
<P><STRONG><a name="[12]"></a>I2C0_IRQHandler</STRONG> (Thumb, 8 bytes, Stack size 8 bytes, interrupts_hc32f072.o(.text.I2C0_IRQHandler))
<BR><BR>[Stack]<UL><LI>Max Depth = 8<LI>Call Chain = I2C0_IRQHandler
</UL>
<BR>[Calls]<UL><LI><a href="#[32]">&gt;&gt;</a>&nbsp;&nbsp;&nbsp;I2c0_IRQHandler (Weak Reference)
</UL>
<BR>[Address Reference Count : 1]<UL><LI> startup_hc32f072.o(RESET)
</UL>
<P><STRONG><a name="[13]"></a>I2C1_IRQHandler</STRONG> (Thumb, 8 bytes, Stack size 8 bytes, interrupts_hc32f072.o(.text.I2C1_IRQHandler))
<BR><BR>[Stack]<UL><LI>Max Depth = 8<LI>Call Chain = I2C1_IRQHandler
</UL>
<BR>[Calls]<UL><LI><a href="#[33]">&gt;&gt;</a>&nbsp;&nbsp;&nbsp;I2c1_IRQHandler (Weak Reference)
</UL>
<BR>[Address Reference Count : 1]<UL><LI> startup_hc32f072.o(RESET)
</UL>
<P><STRONG><a name="[e]"></a>LPUART0_IRQHandler</STRONG> (Thumb, 8 bytes, Stack size 8 bytes, interrupts_hc32f072.o(.text.LPUART0_IRQHandler))
<BR><BR>[Stack]<UL><LI>Max Depth = 8<LI>Call Chain = LPUART0_IRQHandler
</UL>
<BR>[Calls]<UL><LI><a href="#[34]">&gt;&gt;</a>&nbsp;&nbsp;&nbsp;LpUart0_IRQHandler (Weak Reference)
</UL>
<BR>[Address Reference Count : 1]<UL><LI> startup_hc32f072.o(RESET)
</UL>
<P><STRONG><a name="[f]"></a>LPUART1_IRQHandler</STRONG> (Thumb, 8 bytes, Stack size 8 bytes, interrupts_hc32f072.o(.text.LPUART1_IRQHandler))
<BR><BR>[Stack]<UL><LI>Max Depth = 8<LI>Call Chain = LPUART1_IRQHandler
</UL>
<BR>[Calls]<UL><LI><a href="#[35]">&gt;&gt;</a>&nbsp;&nbsp;&nbsp;LpUart1_IRQHandler (Weak Reference)
</UL>
<BR>[Address Reference Count : 1]<UL><LI> startup_hc32f072.o(RESET)
</UL>
<P><STRONG><a name="[1b]"></a>PCA_IRQHandler</STRONG> (Thumb, 8 bytes, Stack size 8 bytes, interrupts_hc32f072.o(.text.PCA_IRQHandler))
<BR><BR>[Stack]<UL><LI>Max Depth = 8<LI>Call Chain = PCA_IRQHandler
</UL>
<BR>[Calls]<UL><LI><a href="#[36]">&gt;&gt;</a>&nbsp;&nbsp;&nbsp;Pca_IRQHandler (Weak Reference)
</UL>
<BR>[Address Reference Count : 1]<UL><LI> startup_hc32f072.o(RESET)
</UL>
<P><STRONG><a name="[6]"></a>PORTA_IRQHandler</STRONG> (Thumb, 8 bytes, Stack size 8 bytes, interrupts_hc32f072.o(.text.PORTA_IRQHandler))
<BR><BR>[Stack]<UL><LI>Max Depth = 8<LI>Call Chain = PORTA_IRQHandler
</UL>
<BR>[Calls]<UL><LI><a href="#[37]">&gt;&gt;</a>&nbsp;&nbsp;&nbsp;PortA_IRQHandler (Weak Reference)
</UL>
<BR>[Address Reference Count : 1]<UL><LI> startup_hc32f072.o(RESET)
</UL>
<P><STRONG><a name="[7]"></a>PORTB_IRQHandler</STRONG> (Thumb, 8 bytes, Stack size 8 bytes, interrupts_hc32f072.o(.text.PORTB_IRQHandler))
<BR><BR>[Stack]<UL><LI>Max Depth = 8<LI>Call Chain = PORTB_IRQHandler
</UL>
<BR>[Calls]<UL><LI><a href="#[38]">&gt;&gt;</a>&nbsp;&nbsp;&nbsp;PortB_IRQHandler (Weak Reference)
</UL>
<BR>[Address Reference Count : 1]<UL><LI> startup_hc32f072.o(RESET)
</UL>
<P><STRONG><a name="[8]"></a>PORTC_E_IRQHandler</STRONG> (Thumb, 12 bytes, Stack size 8 bytes, interrupts_hc32f072.o(.text.PORTC_E_IRQHandler))
<BR><BR>[Stack]<UL><LI>Max Depth = 8<LI>Call Chain = PORTC_E_IRQHandler
</UL>
<BR>[Calls]<UL><LI><a href="#[3a]">&gt;&gt;</a>&nbsp;&nbsp;&nbsp;PortE_IRQHandler (Weak Reference)
<LI><a href="#[39]">&gt;&gt;</a>&nbsp;&nbsp;&nbsp;PortC_IRQHandler (Weak Reference)
</UL>
<BR>[Address Reference Count : 1]<UL><LI> startup_hc32f072.o(RESET)
</UL>
<P><STRONG><a name="[9]"></a>PORTD_F_IRQHandler</STRONG> (Thumb, 12 bytes, Stack size 8 bytes, interrupts_hc32f072.o(.text.PORTD_F_IRQHandler))
<BR><BR>[Stack]<UL><LI>Max Depth = 8<LI>Call Chain = PORTD_F_IRQHandler
</UL>
<BR>[Calls]<UL><LI><a href="#[3c]">&gt;&gt;</a>&nbsp;&nbsp;&nbsp;PortF_IRQHandler (Weak Reference)
<LI><a href="#[3b]">&gt;&gt;</a>&nbsp;&nbsp;&nbsp;PortD_IRQHandler (Weak Reference)
</UL>
<BR>[Address Reference Count : 1]<UL><LI> startup_hc32f072.o(RESET)
</UL>
<P><STRONG><a name="[10]"></a>SPI0_I2S0_IRQHandler</STRONG> (Thumb, 12 bytes, Stack size 8 bytes, interrupts_hc32f072.o(.text.SPI0_I2S0_IRQHandler))
<BR><BR>[Stack]<UL><LI>Max Depth = 8<LI>Call Chain = SPI0_I2S0_IRQHandler
</UL>
<BR>[Calls]<UL><LI><a href="#[3e]">&gt;&gt;</a>&nbsp;&nbsp;&nbsp;I2s0_IRQHandler (Weak Reference)
<LI><a href="#[3d]">&gt;&gt;</a>&nbsp;&nbsp;&nbsp;Spi0_IRQHandler (Weak Reference)
</UL>
<BR>[Address Reference Count : 1]<UL><LI> startup_hc32f072.o(RESET)
</UL>
<P><STRONG><a name="[11]"></a>SPI1_I2S1_IRQHandler</STRONG> (Thumb, 12 bytes, Stack size 8 bytes, interrupts_hc32f072.o(.text.SPI1_I2S1_IRQHandler))
<BR><BR>[Stack]<UL><LI>Max Depth = 8<LI>Call Chain = SPI1_I2S1_IRQHandler
</UL>
<BR>[Calls]<UL><LI><a href="#[40]">&gt;&gt;</a>&nbsp;&nbsp;&nbsp;I2s1_IRQHandler (Weak Reference)
<LI><a href="#[3f]">&gt;&gt;</a>&nbsp;&nbsp;&nbsp;Spi1_IRQHandler (Weak Reference)
</UL>
<BR>[Address Reference Count : 1]<UL><LI> startup_hc32f072.o(RESET)
</UL>
<P><STRONG><a name="[5]"></a>SysTick_Handler</STRONG> (Thumb, 8 bytes, Stack size 8 bytes, interrupts_hc32f072.o(.text.SysTick_Handler))
<BR><BR>[Stack]<UL><LI>Max Depth = 8<LI>Call Chain = SysTick_Handler
</UL>
<BR>[Calls]<UL><LI><a href="#[41]">&gt;&gt;</a>&nbsp;&nbsp;&nbsp;SysTick_IRQHandler (Weak Reference)
</UL>
<BR>[Address Reference Count : 1]<UL><LI> startup_hc32f072.o(RESET)
</UL>
<P><STRONG><a name="[43]"></a>Sysctrl_GetHClkFreq</STRONG> (Thumb, 212 bytes, Stack size 28 bytes, sysctrl.o(.text.Sysctrl_GetHClkFreq))
<BR><BR>[Stack]<UL><LI>Max Depth = 28<LI>Call Chain = Sysctrl_GetHClkFreq
</UL>
<BR>[Called By]<UL><LI><a href="#[42]">&gt;&gt;</a>&nbsp;&nbsp;&nbsp;SystemCoreClockUpdate
</UL>

<P><STRONG><a name="[42]"></a>SystemCoreClockUpdate</STRONG> (Thumb, 12 bytes, Stack size 8 bytes, system_hc32f072.o(.text.SystemCoreClockUpdate))
<BR><BR>[Stack]<UL><LI>Max Depth = 36<LI>Call Chain = SystemCoreClockUpdate &rArr; Sysctrl_GetHClkFreq
</UL>
<BR>[Calls]<UL><LI><a href="#[43]">&gt;&gt;</a>&nbsp;&nbsp;&nbsp;Sysctrl_GetHClkFreq
</UL>
<BR>[Called By]<UL><LI><a href="#[24]">&gt;&gt;</a>&nbsp;&nbsp;&nbsp;SystemInit
</UL>

<P><STRONG><a name="[24]"></a>SystemInit</STRONG> (Thumb, 84 bytes, Stack size 8 bytes, system_hc32f072.o(.text.SystemInit))
<BR><BR>[Stack]<UL><LI>Max Depth = 44<LI>Call Chain = SystemInit &rArr; SystemCoreClockUpdate &rArr; Sysctrl_GetHClkFreq
</UL>
<BR>[Calls]<UL><LI><a href="#[42]">&gt;&gt;</a>&nbsp;&nbsp;&nbsp;SystemCoreClockUpdate
</UL>
<BR>[Called By]<UL><LI><a href="#[23]">&gt;&gt;</a>&nbsp;&nbsp;&nbsp;main
</UL>
<BR>[Address Reference Count : 1]<UL><LI> startup_hc32f072.o(.text)
</UL>
<P><STRONG><a name="[14]"></a>TIM0_IRQHandler</STRONG> (Thumb, 8 bytes, Stack size 8 bytes, interrupts_hc32f072.o(.text.TIM0_IRQHandler))
<BR><BR>[Stack]<UL><LI>Max Depth = 8<LI>Call Chain = TIM0_IRQHandler
</UL>
<BR>[Calls]<UL><LI><a href="#[44]">&gt;&gt;</a>&nbsp;&nbsp;&nbsp;Tim0_IRQHandler (Weak Reference)
</UL>
<BR>[Address Reference Count : 1]<UL><LI> startup_hc32f072.o(RESET)
</UL>
<P><STRONG><a name="[15]"></a>TIM1_IRQHandler</STRONG> (Thumb, 8 bytes, Stack size 8 bytes, interrupts_hc32f072.o(.text.TIM1_IRQHandler))
<BR><BR>[Stack]<UL><LI>Max Depth = 8<LI>Call Chain = TIM1_IRQHandler
</UL>
<BR>[Calls]<UL><LI><a href="#[45]">&gt;&gt;</a>&nbsp;&nbsp;&nbsp;Tim1_IRQHandler (Weak Reference)
</UL>
<BR>[Address Reference Count : 1]<UL><LI> startup_hc32f072.o(RESET)
</UL>
<P><STRONG><a name="[16]"></a>TIM2_IRQHandler</STRONG> (Thumb, 8 bytes, Stack size 8 bytes, interrupts_hc32f072.o(.text.TIM2_IRQHandler))
<BR><BR>[Stack]<UL><LI>Max Depth = 8<LI>Call Chain = TIM2_IRQHandler
</UL>
<BR>[Calls]<UL><LI><a href="#[46]">&gt;&gt;</a>&nbsp;&nbsp;&nbsp;Tim2_IRQHandler (Weak Reference)
</UL>
<BR>[Address Reference Count : 1]<UL><LI> startup_hc32f072.o(RESET)
</UL>
<P><STRONG><a name="[b]"></a>TIM3_IRQHandler</STRONG> (Thumb, 8 bytes, Stack size 8 bytes, interrupts_hc32f072.o(.text.TIM3_IRQHandler))
<BR><BR>[Stack]<UL><LI>Max Depth = 8<LI>Call Chain = TIM3_IRQHandler
</UL>
<BR>[Calls]<UL><LI><a href="#[47]">&gt;&gt;</a>&nbsp;&nbsp;&nbsp;Tim3_IRQHandler (Weak Reference)
</UL>
<BR>[Address Reference Count : 1]<UL><LI> startup_hc32f072.o(RESET)
</UL>
<P><STRONG><a name="[18]"></a>TIM4_IRQHandler</STRONG> (Thumb, 8 bytes, Stack size 8 bytes, interrupts_hc32f072.o(.text.TIM4_IRQHandler))
<BR><BR>[Stack]<UL><LI>Max Depth = 8<LI>Call Chain = TIM4_IRQHandler
</UL>
<BR>[Calls]<UL><LI><a href="#[48]">&gt;&gt;</a>&nbsp;&nbsp;&nbsp;Tim4_IRQHandler (Weak Reference)
</UL>
<BR>[Address Reference Count : 1]<UL><LI> startup_hc32f072.o(RESET)
</UL>
<P><STRONG><a name="[19]"></a>TIM5_IRQHandler</STRONG> (Thumb, 8 bytes, Stack size 8 bytes, interrupts_hc32f072.o(.text.TIM5_IRQHandler))
<BR><BR>[Stack]<UL><LI>Max Depth = 8<LI>Call Chain = TIM5_IRQHandler
</UL>
<BR>[Calls]<UL><LI><a href="#[49]">&gt;&gt;</a>&nbsp;&nbsp;&nbsp;Tim5_IRQHandler (Weak Reference)
</UL>
<BR>[Address Reference Count : 1]<UL><LI> startup_hc32f072.o(RESET)
</UL>
<P><STRONG><a name="[1a]"></a>TIM6_IRQHandler</STRONG> (Thumb, 8 bytes, Stack size 8 bytes, interrupts_hc32f072.o(.text.TIM6_IRQHandler))
<BR><BR>[Stack]<UL><LI>Max Depth = 8<LI>Call Chain = TIM6_IRQHandler
</UL>
<BR>[Calls]<UL><LI><a href="#[4a]">&gt;&gt;</a>&nbsp;&nbsp;&nbsp;Tim6_IRQHandler (Weak Reference)
</UL>
<BR>[Address Reference Count : 1]<UL><LI> startup_hc32f072.o(RESET)
</UL>
<P><STRONG><a name="[c]"></a>UART0_2_IRQHandler</STRONG> (Thumb, 12 bytes, Stack size 8 bytes, interrupts_hc32f072.o(.text.UART0_2_IRQHandler))
<BR><BR>[Stack]<UL><LI>Max Depth = 8<LI>Call Chain = UART0_2_IRQHandler
</UL>
<BR>[Calls]<UL><LI><a href="#[4c]">&gt;&gt;</a>&nbsp;&nbsp;&nbsp;Uart2_IRQHandler (Weak Reference)
<LI><a href="#[4b]">&gt;&gt;</a>&nbsp;&nbsp;&nbsp;Uart0_IRQHandler (Weak Reference)
</UL>
<BR>[Address Reference Count : 1]<UL><LI> startup_hc32f072.o(RESET)
</UL>
<P><STRONG><a name="[d]"></a>UART1_3_IRQHandler</STRONG> (Thumb, 12 bytes, Stack size 8 bytes, interrupts_hc32f072.o(.text.UART1_3_IRQHandler))
<BR><BR>[Stack]<UL><LI>Max Depth = 8<LI>Call Chain = UART1_3_IRQHandler
</UL>
<BR>[Calls]<UL><LI><a href="#[4e]">&gt;&gt;</a>&nbsp;&nbsp;&nbsp;Uart3_IRQHandler (Weak Reference)
<LI><a href="#[4d]">&gt;&gt;</a>&nbsp;&nbsp;&nbsp;Uart1_IRQHandler (Weak Reference)
</UL>
<BR>[Address Reference Count : 1]<UL><LI> startup_hc32f072.o(RESET)
</UL>
<P><STRONG><a name="[1f]"></a>USBFS_IRQHandler</STRONG> (Thumb, 8 bytes, Stack size 8 bytes, interrupts_hc32f072.o(.text.USBFS_IRQHandler))
<BR><BR>[Stack]<UL><LI>Max Depth = 8<LI>Call Chain = USBFS_IRQHandler
</UL>
<BR>[Calls]<UL><LI><a href="#[4f]">&gt;&gt;</a>&nbsp;&nbsp;&nbsp;Usbfs_IRQHandler (Weak Reference)
</UL>
<BR>[Address Reference Count : 1]<UL><LI> startup_hc32f072.o(RESET)
</UL>
<P><STRONG><a name="[1e]"></a>VC0_1_2_LVD_IRQHandler</STRONG> (Thumb, 20 bytes, Stack size 8 bytes, interrupts_hc32f072.o(.text.VC0_1_2_LVD_IRQHandler))
<BR><BR>[Stack]<UL><LI>Max Depth = 8<LI>Call Chain = VC0_1_2_LVD_IRQHandler
</UL>
<BR>[Calls]<UL><LI><a href="#[53]">&gt;&gt;</a>&nbsp;&nbsp;&nbsp;Lvd_IRQHandler (Weak Reference)
<LI><a href="#[52]">&gt;&gt;</a>&nbsp;&nbsp;&nbsp;Vc2_IRQHandler (Weak Reference)
<LI><a href="#[51]">&gt;&gt;</a>&nbsp;&nbsp;&nbsp;Vc1_IRQHandler (Weak Reference)
<LI><a href="#[50]">&gt;&gt;</a>&nbsp;&nbsp;&nbsp;Vc0_IRQHandler (Weak Reference)
</UL>
<BR>[Address Reference Count : 1]<UL><LI> startup_hc32f072.o(RESET)
</UL>
<P><STRONG><a name="[1c]"></a>WDT_IRQHandler</STRONG> (Thumb, 8 bytes, Stack size 8 bytes, interrupts_hc32f072.o(.text.WDT_IRQHandler))
<BR><BR>[Stack]<UL><LI>Max Depth = 8<LI>Call Chain = WDT_IRQHandler
</UL>
<BR>[Calls]<UL><LI><a href="#[54]">&gt;&gt;</a>&nbsp;&nbsp;&nbsp;Wdt_IRQHandler (Weak Reference)
</UL>
<BR>[Address Reference Count : 1]<UL><LI> startup_hc32f072.o(RESET)
</UL>
<P><STRONG><a name="[29]"></a>$Super$$main</STRONG> (Thumb, 2 bytes, Stack size 0 bytes, main.o(.text.main))
<BR><BR>[Calls]<UL><LI><a href="#[29]">&gt;&gt;</a>&nbsp;&nbsp;&nbsp;$Super$$main
</UL>
<BR>[Called By]<UL><LI><a href="#[29]">&gt;&gt;</a>&nbsp;&nbsp;&nbsp;$Super$$main
<LI><a href="#[23]">&gt;&gt;</a>&nbsp;&nbsp;&nbsp;main
</UL>

<P><STRONG><a name="[5c]"></a>__scatterload_copy</STRONG> (Thumb, 14 bytes, Stack size unknown bytes, handlers.o(i.__scatterload_copy), UNUSED)

<P><STRONG><a name="[5d]"></a>__scatterload_null</STRONG> (Thumb, 2 bytes, Stack size unknown bytes, handlers.o(i.__scatterload_null), UNUSED)

<P><STRONG><a name="[5e]"></a>__scatterload_zeroinit</STRONG> (Thumb, 14 bytes, Stack size unknown bytes, handlers.o(i.__scatterload_zeroinit), UNUSED)
<P>
<H3>
Local Symbols
</H3><P>
<H3>
Undefined Global Symbols
</H3>
<P><STRONG><a name="[2a]"></a>Adc_IRQHandler</STRONG> (Unknown, 0 bytes, Stack size 0 bytes, UNDEFINED)
<BR><BR>[Called By]<UL><LI><a href="#[1d]">&gt;&gt;</a>&nbsp;&nbsp;&nbsp;ADC_DAC_IRQHandler
</UL>

<P><STRONG><a name="[2c]"></a>Can_IRQHandler</STRONG> (Unknown, 0 bytes, Stack size 0 bytes, UNDEFINED)
<BR><BR>[Called By]<UL><LI><a href="#[20]">&gt;&gt;</a>&nbsp;&nbsp;&nbsp;CAN_IRQHandler
</UL>

<P><STRONG><a name="[2d]"></a>ClkTrim_IRQHandler</STRONG> (Unknown, 0 bytes, Stack size 0 bytes, UNDEFINED)
<BR><BR>[Called By]<UL><LI><a href="#[22]">&gt;&gt;</a>&nbsp;&nbsp;&nbsp;CLKTRIM_CTS_IRQHandler
</UL>

<P><STRONG><a name="[2e]"></a>Cts_IRQHandler</STRONG> (Unknown, 0 bytes, Stack size 0 bytes, UNDEFINED)
<BR><BR>[Called By]<UL><LI><a href="#[22]">&gt;&gt;</a>&nbsp;&nbsp;&nbsp;CLKTRIM_CTS_IRQHandler
</UL>

<P><STRONG><a name="[2b]"></a>Dac_IRQHandler</STRONG> (Unknown, 0 bytes, Stack size 0 bytes, UNDEFINED)
<BR><BR>[Called By]<UL><LI><a href="#[1d]">&gt;&gt;</a>&nbsp;&nbsp;&nbsp;ADC_DAC_IRQHandler
</UL>

<P><STRONG><a name="[2f]"></a>Dmac_IRQHandler</STRONG> (Unknown, 0 bytes, Stack size 0 bytes, UNDEFINED)
<BR><BR>[Called By]<UL><LI><a href="#[a]">&gt;&gt;</a>&nbsp;&nbsp;&nbsp;DMAC_IRQHandler
</UL>

<P><STRONG><a name="[30]"></a>Flash_IRQHandler</STRONG> (Unknown, 0 bytes, Stack size 0 bytes, UNDEFINED)
<BR><BR>[Called By]<UL><LI><a href="#[21]">&gt;&gt;</a>&nbsp;&nbsp;&nbsp;FLASH_RAM_IRQHandler
</UL>

<P><STRONG><a name="[32]"></a>I2c0_IRQHandler</STRONG> (Unknown, 0 bytes, Stack size 0 bytes, UNDEFINED)
<BR><BR>[Called By]<UL><LI><a href="#[12]">&gt;&gt;</a>&nbsp;&nbsp;&nbsp;I2C0_IRQHandler
</UL>

<P><STRONG><a name="[33]"></a>I2c1_IRQHandler</STRONG> (Unknown, 0 bytes, Stack size 0 bytes, UNDEFINED)
<BR><BR>[Called By]<UL><LI><a href="#[13]">&gt;&gt;</a>&nbsp;&nbsp;&nbsp;I2C1_IRQHandler
</UL>

<P><STRONG><a name="[3e]"></a>I2s0_IRQHandler</STRONG> (Unknown, 0 bytes, Stack size 0 bytes, UNDEFINED)
<BR><BR>[Called By]<UL><LI><a href="#[10]">&gt;&gt;</a>&nbsp;&nbsp;&nbsp;SPI0_I2S0_IRQHandler
</UL>

<P><STRONG><a name="[40]"></a>I2s1_IRQHandler</STRONG> (Unknown, 0 bytes, Stack size 0 bytes, UNDEFINED)
<BR><BR>[Called By]<UL><LI><a href="#[11]">&gt;&gt;</a>&nbsp;&nbsp;&nbsp;SPI1_I2S1_IRQHandler
</UL>

<P><STRONG><a name="[34]"></a>LpUart0_IRQHandler</STRONG> (Unknown, 0 bytes, Stack size 0 bytes, UNDEFINED)
<BR><BR>[Called By]<UL><LI><a href="#[e]">&gt;&gt;</a>&nbsp;&nbsp;&nbsp;LPUART0_IRQHandler
</UL>

<P><STRONG><a name="[35]"></a>LpUart1_IRQHandler</STRONG> (Unknown, 0 bytes, Stack size 0 bytes, UNDEFINED)
<BR><BR>[Called By]<UL><LI><a href="#[f]">&gt;&gt;</a>&nbsp;&nbsp;&nbsp;LPUART1_IRQHandler
</UL>

<P><STRONG><a name="[53]"></a>Lvd_IRQHandler</STRONG> (Unknown, 0 bytes, Stack size 0 bytes, UNDEFINED)
<BR><BR>[Called By]<UL><LI><a href="#[1e]">&gt;&gt;</a>&nbsp;&nbsp;&nbsp;VC0_1_2_LVD_IRQHandler
</UL>

<P><STRONG><a name="[36]"></a>Pca_IRQHandler</STRONG> (Unknown, 0 bytes, Stack size 0 bytes, UNDEFINED)
<BR><BR>[Called By]<UL><LI><a href="#[1b]">&gt;&gt;</a>&nbsp;&nbsp;&nbsp;PCA_IRQHandler
</UL>

<P><STRONG><a name="[37]"></a>PortA_IRQHandler</STRONG> (Unknown, 0 bytes, Stack size 0 bytes, UNDEFINED)
<BR><BR>[Called By]<UL><LI><a href="#[6]">&gt;&gt;</a>&nbsp;&nbsp;&nbsp;PORTA_IRQHandler
</UL>

<P><STRONG><a name="[38]"></a>PortB_IRQHandler</STRONG> (Unknown, 0 bytes, Stack size 0 bytes, UNDEFINED)
<BR><BR>[Called By]<UL><LI><a href="#[7]">&gt;&gt;</a>&nbsp;&nbsp;&nbsp;PORTB_IRQHandler
</UL>

<P><STRONG><a name="[39]"></a>PortC_IRQHandler</STRONG> (Unknown, 0 bytes, Stack size 0 bytes, UNDEFINED)
<BR><BR>[Called By]<UL><LI><a href="#[8]">&gt;&gt;</a>&nbsp;&nbsp;&nbsp;PORTC_E_IRQHandler
</UL>

<P><STRONG><a name="[3b]"></a>PortD_IRQHandler</STRONG> (Unknown, 0 bytes, Stack size 0 bytes, UNDEFINED)
<BR><BR>[Called By]<UL><LI><a href="#[9]">&gt;&gt;</a>&nbsp;&nbsp;&nbsp;PORTD_F_IRQHandler
</UL>

<P><STRONG><a name="[3a]"></a>PortE_IRQHandler</STRONG> (Unknown, 0 bytes, Stack size 0 bytes, UNDEFINED)
<BR><BR>[Called By]<UL><LI><a href="#[8]">&gt;&gt;</a>&nbsp;&nbsp;&nbsp;PORTC_E_IRQHandler
</UL>

<P><STRONG><a name="[3c]"></a>PortF_IRQHandler</STRONG> (Unknown, 0 bytes, Stack size 0 bytes, UNDEFINED)
<BR><BR>[Called By]<UL><LI><a href="#[9]">&gt;&gt;</a>&nbsp;&nbsp;&nbsp;PORTD_F_IRQHandler
</UL>

<P><STRONG><a name="[31]"></a>Ram_IRQHandler</STRONG> (Unknown, 0 bytes, Stack size 0 bytes, UNDEFINED)
<BR><BR>[Called By]<UL><LI><a href="#[21]">&gt;&gt;</a>&nbsp;&nbsp;&nbsp;FLASH_RAM_IRQHandler
</UL>

<P><STRONG><a name="[3d]"></a>Spi0_IRQHandler</STRONG> (Unknown, 0 bytes, Stack size 0 bytes, UNDEFINED)
<BR><BR>[Called By]<UL><LI><a href="#[10]">&gt;&gt;</a>&nbsp;&nbsp;&nbsp;SPI0_I2S0_IRQHandler
</UL>

<P><STRONG><a name="[3f]"></a>Spi1_IRQHandler</STRONG> (Unknown, 0 bytes, Stack size 0 bytes, UNDEFINED)
<BR><BR>[Called By]<UL><LI><a href="#[11]">&gt;&gt;</a>&nbsp;&nbsp;&nbsp;SPI1_I2S1_IRQHandler
</UL>

<P><STRONG><a name="[41]"></a>SysTick_IRQHandler</STRONG> (Unknown, 0 bytes, Stack size 0 bytes, UNDEFINED)
<BR><BR>[Called By]<UL><LI><a href="#[5]">&gt;&gt;</a>&nbsp;&nbsp;&nbsp;SysTick_Handler
</UL>

<P><STRONG><a name="[44]"></a>Tim0_IRQHandler</STRONG> (Unknown, 0 bytes, Stack size 0 bytes, UNDEFINED)
<BR><BR>[Called By]<UL><LI><a href="#[14]">&gt;&gt;</a>&nbsp;&nbsp;&nbsp;TIM0_IRQHandler
</UL>

<P><STRONG><a name="[45]"></a>Tim1_IRQHandler</STRONG> (Unknown, 0 bytes, Stack size 0 bytes, UNDEFINED)
<BR><BR>[Called By]<UL><LI><a href="#[15]">&gt;&gt;</a>&nbsp;&nbsp;&nbsp;TIM1_IRQHandler
</UL>

<P><STRONG><a name="[46]"></a>Tim2_IRQHandler</STRONG> (Unknown, 0 bytes, Stack size 0 bytes, UNDEFINED)
<BR><BR>[Called By]<UL><LI><a href="#[16]">&gt;&gt;</a>&nbsp;&nbsp;&nbsp;TIM2_IRQHandler
</UL>

<P><STRONG><a name="[47]"></a>Tim3_IRQHandler</STRONG> (Unknown, 0 bytes, Stack size 0 bytes, UNDEFINED)
<BR><BR>[Called By]<UL><LI><a href="#[b]">&gt;&gt;</a>&nbsp;&nbsp;&nbsp;TIM3_IRQHandler
</UL>

<P><STRONG><a name="[48]"></a>Tim4_IRQHandler</STRONG> (Unknown, 0 bytes, Stack size 0 bytes, UNDEFINED)
<BR><BR>[Called By]<UL><LI><a href="#[18]">&gt;&gt;</a>&nbsp;&nbsp;&nbsp;TIM4_IRQHandler
</UL>

<P><STRONG><a name="[49]"></a>Tim5_IRQHandler</STRONG> (Unknown, 0 bytes, Stack size 0 bytes, UNDEFINED)
<BR><BR>[Called By]<UL><LI><a href="#[19]">&gt;&gt;</a>&nbsp;&nbsp;&nbsp;TIM5_IRQHandler
</UL>

<P><STRONG><a name="[4a]"></a>Tim6_IRQHandler</STRONG> (Unknown, 0 bytes, Stack size 0 bytes, UNDEFINED)
<BR><BR>[Called By]<UL><LI><a href="#[1a]">&gt;&gt;</a>&nbsp;&nbsp;&nbsp;TIM6_IRQHandler
</UL>

<P><STRONG><a name="[4b]"></a>Uart0_IRQHandler</STRONG> (Unknown, 0 bytes, Stack size 0 bytes, UNDEFINED)
<BR><BR>[Called By]<UL><LI><a href="#[c]">&gt;&gt;</a>&nbsp;&nbsp;&nbsp;UART0_2_IRQHandler
</UL>

<P><STRONG><a name="[4d]"></a>Uart1_IRQHandler</STRONG> (Unknown, 0 bytes, Stack size 0 bytes, UNDEFINED)
<BR><BR>[Called By]<UL><LI><a href="#[d]">&gt;&gt;</a>&nbsp;&nbsp;&nbsp;UART1_3_IRQHandler
</UL>

<P><STRONG><a name="[4c]"></a>Uart2_IRQHandler</STRONG> (Unknown, 0 bytes, Stack size 0 bytes, UNDEFINED)
<BR><BR>[Called By]<UL><LI><a href="#[c]">&gt;&gt;</a>&nbsp;&nbsp;&nbsp;UART0_2_IRQHandler
</UL>

<P><STRONG><a name="[4e]"></a>Uart3_IRQHandler</STRONG> (Unknown, 0 bytes, Stack size 0 bytes, UNDEFINED)
<BR><BR>[Called By]<UL><LI><a href="#[d]">&gt;&gt;</a>&nbsp;&nbsp;&nbsp;UART1_3_IRQHandler
</UL>

<P><STRONG><a name="[4f]"></a>Usbfs_IRQHandler</STRONG> (Unknown, 0 bytes, Stack size 0 bytes, UNDEFINED)
<BR><BR>[Called By]<UL><LI><a href="#[1f]">&gt;&gt;</a>&nbsp;&nbsp;&nbsp;USBFS_IRQHandler
</UL>

<P><STRONG><a name="[50]"></a>Vc0_IRQHandler</STRONG> (Unknown, 0 bytes, Stack size 0 bytes, UNDEFINED)
<BR><BR>[Called By]<UL><LI><a href="#[1e]">&gt;&gt;</a>&nbsp;&nbsp;&nbsp;VC0_1_2_LVD_IRQHandler
</UL>

<P><STRONG><a name="[51]"></a>Vc1_IRQHandler</STRONG> (Unknown, 0 bytes, Stack size 0 bytes, UNDEFINED)
<BR><BR>[Called By]<UL><LI><a href="#[1e]">&gt;&gt;</a>&nbsp;&nbsp;&nbsp;VC0_1_2_LVD_IRQHandler
</UL>

<P><STRONG><a name="[52]"></a>Vc2_IRQHandler</STRONG> (Unknown, 0 bytes, Stack size 0 bytes, UNDEFINED)
<BR><BR>[Called By]<UL><LI><a href="#[1e]">&gt;&gt;</a>&nbsp;&nbsp;&nbsp;VC0_1_2_LVD_IRQHandler
</UL>

<P><STRONG><a name="[54]"></a>Wdt_IRQHandler</STRONG> (Unknown, 0 bytes, Stack size 0 bytes, UNDEFINED)
<BR><BR>[Called By]<UL><LI><a href="#[1c]">&gt;&gt;</a>&nbsp;&nbsp;&nbsp;WDT_IRQHandler
</UL>
<HR></body></html>
