Component: Arm Compiler for Embedded 6.19 Tool: armlink [5e73cb00]

==============================================================================

Section Cross References

    system_hc32f072.o(.text.SystemCoreClockUpdate) refers to sysctrl.o(.text.Sysctrl_GetHClkFreq) for Sysctrl_GetHClkFreq
    system_hc32f072.o(.text.SystemCoreClockUpdate) refers to system_hc32f072.o(.data.SystemCoreClock) for SystemCoreClock
    system_hc32f072.o(.ARM.exidx.text.SystemCoreClockUpdate) refers to system_hc32f072.o(.text.SystemCoreClockUpdate) for [Anonymous Symbol]
    system_hc32f072.o(.text.SystemInit) refers to system_hc32f072.o(.text.SystemCoreClockUpdate) for SystemCoreClockUpdate
    system_hc32f072.o(.ARM.exidx.text.SystemInit) refers to system_hc32f072.o(.text.SystemInit) for [Anonymous Symbol]
    system_hc32f072.o(.text.$Sub$$main) refers to system_hc32f072.o(.text.SystemInit) for SystemInit
    system_hc32f072.o(.text.$Sub$$main) refers to main.o(.text.main) for $Super$$main
    system_hc32f072.o(.ARM.exidx.text.$Sub$$main) refers to system_hc32f072.o(.text.$Sub$$main) for [Anonymous Symbol]
    interrupts_hc32f072.o(.ARM.exidx.text.EnableNvic) refers to interrupts_hc32f072.o(.text.EnableNvic) for [Anonymous Symbol]
    interrupts_hc32f072.o(.ARM.exidx.text.HardFault_Handler) refers to interrupts_hc32f072.o(.text.HardFault_Handler) for [Anonymous Symbol]
    interrupts_hc32f072.o(.ARM.exidx.text.SysTick_Handler) refers to interrupts_hc32f072.o(.text.SysTick_Handler) for [Anonymous Symbol]
    interrupts_hc32f072.o(.ARM.exidx.text.PORTA_IRQHandler) refers to interrupts_hc32f072.o(.text.PORTA_IRQHandler) for [Anonymous Symbol]
    interrupts_hc32f072.o(.ARM.exidx.text.PORTB_IRQHandler) refers to interrupts_hc32f072.o(.text.PORTB_IRQHandler) for [Anonymous Symbol]
    interrupts_hc32f072.o(.ARM.exidx.text.PORTC_E_IRQHandler) refers to interrupts_hc32f072.o(.text.PORTC_E_IRQHandler) for [Anonymous Symbol]
    interrupts_hc32f072.o(.ARM.exidx.text.PORTD_F_IRQHandler) refers to interrupts_hc32f072.o(.text.PORTD_F_IRQHandler) for [Anonymous Symbol]
    interrupts_hc32f072.o(.ARM.exidx.text.DMAC_IRQHandler) refers to interrupts_hc32f072.o(.text.DMAC_IRQHandler) for [Anonymous Symbol]
    interrupts_hc32f072.o(.ARM.exidx.text.TIM3_IRQHandler) refers to interrupts_hc32f072.o(.text.TIM3_IRQHandler) for [Anonymous Symbol]
    interrupts_hc32f072.o(.ARM.exidx.text.UART0_2_IRQHandler) refers to interrupts_hc32f072.o(.text.UART0_2_IRQHandler) for [Anonymous Symbol]
    interrupts_hc32f072.o(.ARM.exidx.text.UART1_3_IRQHandler) refers to interrupts_hc32f072.o(.text.UART1_3_IRQHandler) for [Anonymous Symbol]
    interrupts_hc32f072.o(.ARM.exidx.text.LPUART0_IRQHandler) refers to interrupts_hc32f072.o(.text.LPUART0_IRQHandler) for [Anonymous Symbol]
    interrupts_hc32f072.o(.ARM.exidx.text.LPUART1_IRQHandler) refers to interrupts_hc32f072.o(.text.LPUART1_IRQHandler) for [Anonymous Symbol]
    interrupts_hc32f072.o(.ARM.exidx.text.SPI0_I2S0_IRQHandler) refers to interrupts_hc32f072.o(.text.SPI0_I2S0_IRQHandler) for [Anonymous Symbol]
    interrupts_hc32f072.o(.ARM.exidx.text.SPI1_I2S1_IRQHandler) refers to interrupts_hc32f072.o(.text.SPI1_I2S1_IRQHandler) for [Anonymous Symbol]
    interrupts_hc32f072.o(.ARM.exidx.text.I2C0_IRQHandler) refers to interrupts_hc32f072.o(.text.I2C0_IRQHandler) for [Anonymous Symbol]
    interrupts_hc32f072.o(.ARM.exidx.text.I2C1_IRQHandler) refers to interrupts_hc32f072.o(.text.I2C1_IRQHandler) for [Anonymous Symbol]
    interrupts_hc32f072.o(.ARM.exidx.text.TIM0_IRQHandler) refers to interrupts_hc32f072.o(.text.TIM0_IRQHandler) for [Anonymous Symbol]
    interrupts_hc32f072.o(.ARM.exidx.text.TIM1_IRQHandler) refers to interrupts_hc32f072.o(.text.TIM1_IRQHandler) for [Anonymous Symbol]
    interrupts_hc32f072.o(.ARM.exidx.text.TIM2_IRQHandler) refers to interrupts_hc32f072.o(.text.TIM2_IRQHandler) for [Anonymous Symbol]
    interrupts_hc32f072.o(.ARM.exidx.text.TIM4_IRQHandler) refers to interrupts_hc32f072.o(.text.TIM4_IRQHandler) for [Anonymous Symbol]
    interrupts_hc32f072.o(.ARM.exidx.text.TIM5_IRQHandler) refers to interrupts_hc32f072.o(.text.TIM5_IRQHandler) for [Anonymous Symbol]
    interrupts_hc32f072.o(.ARM.exidx.text.TIM6_IRQHandler) refers to interrupts_hc32f072.o(.text.TIM6_IRQHandler) for [Anonymous Symbol]
    interrupts_hc32f072.o(.ARM.exidx.text.PCA_IRQHandler) refers to interrupts_hc32f072.o(.text.PCA_IRQHandler) for [Anonymous Symbol]
    interrupts_hc32f072.o(.ARM.exidx.text.WDT_IRQHandler) refers to interrupts_hc32f072.o(.text.WDT_IRQHandler) for [Anonymous Symbol]
    interrupts_hc32f072.o(.ARM.exidx.text.ADC_DAC_IRQHandler) refers to interrupts_hc32f072.o(.text.ADC_DAC_IRQHandler) for [Anonymous Symbol]
    interrupts_hc32f072.o(.ARM.exidx.text.VC0_1_2_LVD_IRQHandler) refers to interrupts_hc32f072.o(.text.VC0_1_2_LVD_IRQHandler) for [Anonymous Symbol]
    interrupts_hc32f072.o(.ARM.exidx.text.USBFS_IRQHandler) refers to interrupts_hc32f072.o(.text.USBFS_IRQHandler) for [Anonymous Symbol]
    interrupts_hc32f072.o(.text.CAN_IRQHandler) refers (Weak) to main.o(.text.Can_IRQHandler) for Can_IRQHandler
    interrupts_hc32f072.o(.ARM.exidx.text.CAN_IRQHandler) refers to interrupts_hc32f072.o(.text.CAN_IRQHandler) for [Anonymous Symbol]
    interrupts_hc32f072.o(.ARM.exidx.text.FLASH_RAM_IRQHandler) refers to interrupts_hc32f072.o(.text.FLASH_RAM_IRQHandler) for [Anonymous Symbol]
    interrupts_hc32f072.o(.ARM.exidx.text.CLKTRIM_CTS_IRQHandler) refers to interrupts_hc32f072.o(.text.CLKTRIM_CTS_IRQHandler) for [Anonymous Symbol]
    startup_hc32f072.o(RESET) refers to startup_hc32f072.o(STACK) for __initial_sp
    startup_hc32f072.o(RESET) refers to startup_hc32f072.o(.text) for Reset_Handler
    startup_hc32f072.o(RESET) refers to interrupts_hc32f072.o(.text.HardFault_Handler) for HardFault_Handler
    startup_hc32f072.o(RESET) refers to interrupts_hc32f072.o(.text.SysTick_Handler) for SysTick_Handler
    startup_hc32f072.o(RESET) refers to interrupts_hc32f072.o(.text.PORTA_IRQHandler) for PORTA_IRQHandler
    startup_hc32f072.o(RESET) refers to interrupts_hc32f072.o(.text.PORTB_IRQHandler) for PORTB_IRQHandler
    startup_hc32f072.o(RESET) refers to interrupts_hc32f072.o(.text.PORTC_E_IRQHandler) for PORTC_E_IRQHandler
    startup_hc32f072.o(RESET) refers to interrupts_hc32f072.o(.text.PORTD_F_IRQHandler) for PORTD_F_IRQHandler
    startup_hc32f072.o(RESET) refers to interrupts_hc32f072.o(.text.DMAC_IRQHandler) for DMAC_IRQHandler
    startup_hc32f072.o(RESET) refers to interrupts_hc32f072.o(.text.TIM3_IRQHandler) for TIM3_IRQHandler
    startup_hc32f072.o(RESET) refers to interrupts_hc32f072.o(.text.UART0_2_IRQHandler) for UART0_2_IRQHandler
    startup_hc32f072.o(RESET) refers to interrupts_hc32f072.o(.text.UART1_3_IRQHandler) for UART1_3_IRQHandler
    startup_hc32f072.o(RESET) refers to interrupts_hc32f072.o(.text.LPUART0_IRQHandler) for LPUART0_IRQHandler
    startup_hc32f072.o(RESET) refers to interrupts_hc32f072.o(.text.LPUART1_IRQHandler) for LPUART1_IRQHandler
    startup_hc32f072.o(RESET) refers to interrupts_hc32f072.o(.text.SPI0_I2S0_IRQHandler) for SPI0_I2S0_IRQHandler
    startup_hc32f072.o(RESET) refers to interrupts_hc32f072.o(.text.SPI1_I2S1_IRQHandler) for SPI1_I2S1_IRQHandler
    startup_hc32f072.o(RESET) refers to interrupts_hc32f072.o(.text.I2C0_IRQHandler) for I2C0_IRQHandler
    startup_hc32f072.o(RESET) refers to interrupts_hc32f072.o(.text.I2C1_IRQHandler) for I2C1_IRQHandler
    startup_hc32f072.o(RESET) refers to interrupts_hc32f072.o(.text.TIM0_IRQHandler) for TIM0_IRQHandler
    startup_hc32f072.o(RESET) refers to interrupts_hc32f072.o(.text.TIM1_IRQHandler) for TIM1_IRQHandler
    startup_hc32f072.o(RESET) refers to interrupts_hc32f072.o(.text.TIM2_IRQHandler) for TIM2_IRQHandler
    startup_hc32f072.o(RESET) refers to interrupts_hc32f072.o(.text.TIM4_IRQHandler) for TIM4_IRQHandler
    startup_hc32f072.o(RESET) refers to interrupts_hc32f072.o(.text.TIM5_IRQHandler) for TIM5_IRQHandler
    startup_hc32f072.o(RESET) refers to interrupts_hc32f072.o(.text.TIM6_IRQHandler) for TIM6_IRQHandler
    startup_hc32f072.o(RESET) refers to interrupts_hc32f072.o(.text.PCA_IRQHandler) for PCA_IRQHandler
    startup_hc32f072.o(RESET) refers to interrupts_hc32f072.o(.text.WDT_IRQHandler) for WDT_IRQHandler
    startup_hc32f072.o(RESET) refers to interrupts_hc32f072.o(.text.ADC_DAC_IRQHandler) for ADC_DAC_IRQHandler
    startup_hc32f072.o(RESET) refers to interrupts_hc32f072.o(.text.VC0_1_2_LVD_IRQHandler) for VC0_1_2_LVD_IRQHandler
    startup_hc32f072.o(RESET) refers to interrupts_hc32f072.o(.text.USBFS_IRQHandler) for USBFS_IRQHandler
    startup_hc32f072.o(RESET) refers to interrupts_hc32f072.o(.text.CAN_IRQHandler) for CAN_IRQHandler
    startup_hc32f072.o(RESET) refers to interrupts_hc32f072.o(.text.FLASH_RAM_IRQHandler) for FLASH_RAM_IRQHandler
    startup_hc32f072.o(RESET) refers to interrupts_hc32f072.o(.text.CLKTRIM_CTS_IRQHandler) for CLKTRIM_CTS_IRQHandler
    startup_hc32f072.o(.text) refers to system_hc32f072.o(.text.SystemInit) for SystemInit
    startup_hc32f072.o(.text) refers to entry.o(.ARM.Collect$$$$00000000) for __main
    ddl.o(.ARM.exidx.text.Log2) refers to ddl.o(.text.Log2) for [Anonymous Symbol]
    ddl.o(.ARM.exidx.text.ddl_memclr) refers to ddl.o(.text.ddl_memclr) for [Anonymous Symbol]
    ddl.o(.text.delay1ms) refers to uidiv_div0.o(.text) for __aeabi_uidiv
    ddl.o(.text.delay1ms) refers to system_hc32f072.o(.data.SystemCoreClock) for SystemCoreClock
    ddl.o(.ARM.exidx.text.delay1ms) refers to ddl.o(.text.delay1ms) for [Anonymous Symbol]
    ddl.o(.text.delay100us) refers to uidiv_div0.o(.text) for __aeabi_uidiv
    ddl.o(.text.delay100us) refers to system_hc32f072.o(.data.SystemCoreClock) for SystemCoreClock
    ddl.o(.ARM.exidx.text.delay100us) refers to ddl.o(.text.delay100us) for [Anonymous Symbol]
    ddl.o(.text.delay10us) refers to uidiv_div0.o(.text) for __aeabi_uidiv
    ddl.o(.text.delay10us) refers to system_hc32f072.o(.data.SystemCoreClock) for SystemCoreClock
    ddl.o(.ARM.exidx.text.delay10us) refers to ddl.o(.text.delay10us) for [Anonymous Symbol]
    ddl.o(.ARM.exidx.text.SetBit) refers to ddl.o(.text.SetBit) for [Anonymous Symbol]
    ddl.o(.ARM.exidx.text.GetBit) refers to ddl.o(.text.GetBit) for [Anonymous Symbol]
    sysctrl.o(.text.Sysctrl_ClkSourceEnable) refers to ddl.o(.text.delay10us) for delay10us
    sysctrl.o(.ARM.exidx.text.Sysctrl_ClkSourceEnable) refers to sysctrl.o(.text.Sysctrl_ClkSourceEnable) for [Anonymous Symbol]
    sysctrl.o(.ARM.exidx.text.Sysctrl_XTHDriverCfg) refers to sysctrl.o(.text.Sysctrl_XTHDriverCfg) for [Anonymous Symbol]
    sysctrl.o(.ARM.exidx.text.Sysctrl_XTLDriverCfg) refers to sysctrl.o(.text.Sysctrl_XTLDriverCfg) for [Anonymous Symbol]
    sysctrl.o(.ARM.exidx.text.Sysctrl_SetXTHStableTime) refers to sysctrl.o(.text.Sysctrl_SetXTHStableTime) for [Anonymous Symbol]
    sysctrl.o(.ARM.exidx.text.Sysctrl_SetRCLStableTime) refers to sysctrl.o(.text.Sysctrl_SetRCLStableTime) for [Anonymous Symbol]
    sysctrl.o(.ARM.exidx.text.Sysctrl_SetXTLStableTime) refers to sysctrl.o(.text.Sysctrl_SetXTLStableTime) for [Anonymous Symbol]
    sysctrl.o(.ARM.exidx.text.Sysctrl_SetPLLStableTime) refers to sysctrl.o(.text.Sysctrl_SetPLLStableTime) for [Anonymous Symbol]
    sysctrl.o(.text.Sysctrl_SysClkSwitch) refers to system_hc32f072.o(.text.SystemCoreClockUpdate) for SystemCoreClockUpdate
    sysctrl.o(.ARM.exidx.text.Sysctrl_SysClkSwitch) refers to sysctrl.o(.text.Sysctrl_SysClkSwitch) for [Anonymous Symbol]
    sysctrl.o(.ARM.exidx.text.Sysctrl_GetHClkFreq) refers to sysctrl.o(.text.Sysctrl_GetHClkFreq) for [Anonymous Symbol]
    sysctrl.o(.text.Sysctrl_GetPClkFreq) refers to sysctrl.o(.text.Sysctrl_GetHClkFreq) for Sysctrl_GetHClkFreq
    sysctrl.o(.ARM.exidx.text.Sysctrl_GetPClkFreq) refers to sysctrl.o(.text.Sysctrl_GetPClkFreq) for [Anonymous Symbol]
    sysctrl.o(.text.Sysctrl_ClkInit) refers to sysctrl.o(.text.Sysctrl_ClkSourceEnable) for Sysctrl_ClkSourceEnable
    sysctrl.o(.text.Sysctrl_ClkInit) refers to sysctrl.o(.text.Sysctrl_SysClkSwitch) for Sysctrl_SysClkSwitch
    sysctrl.o(.text.Sysctrl_ClkInit) refers to sysctrl.o(.text.Sysctrl_SetHCLKDiv) for Sysctrl_SetHCLKDiv
    sysctrl.o(.text.Sysctrl_ClkInit) refers to sysctrl.o(.text.Sysctrl_SetPCLKDiv) for Sysctrl_SetPCLKDiv
    sysctrl.o(.ARM.exidx.text.Sysctrl_ClkInit) refers to sysctrl.o(.text.Sysctrl_ClkInit) for [Anonymous Symbol]
    sysctrl.o(.ARM.exidx.text.Sysctrl_SetHCLKDiv) refers to sysctrl.o(.text.Sysctrl_SetHCLKDiv) for [Anonymous Symbol]
    sysctrl.o(.ARM.exidx.text.Sysctrl_SetPCLKDiv) refers to sysctrl.o(.text.Sysctrl_SetPCLKDiv) for [Anonymous Symbol]
    sysctrl.o(.text.Sysctrl_ClkDeInit) refers to sysctrl.o(.text.Sysctrl_SysClkSwitch) for Sysctrl_SysClkSwitch
    sysctrl.o(.text.Sysctrl_ClkDeInit) refers to sysctrl.o(.text.Sysctrl_ClkSourceEnable) for Sysctrl_ClkSourceEnable
    sysctrl.o(.ARM.exidx.text.Sysctrl_ClkDeInit) refers to sysctrl.o(.text.Sysctrl_ClkDeInit) for [Anonymous Symbol]
    sysctrl.o(.ARM.exidx.text.Sysctrl_SetRCHTrim) refers to sysctrl.o(.text.Sysctrl_SetRCHTrim) for [Anonymous Symbol]
    sysctrl.o(.ARM.exidx.text.Sysctrl_SetXTHFreq) refers to sysctrl.o(.text.Sysctrl_SetXTHFreq) for [Anonymous Symbol]
    sysctrl.o(.ARM.exidx.text.Sysctrl_SetPLLFreq) refers to sysctrl.o(.text.Sysctrl_SetPLLFreq) for [Anonymous Symbol]
    sysctrl.o(.ARM.exidx.text.Sysctrl_SetRCLTrim) refers to sysctrl.o(.text.Sysctrl_SetRCLTrim) for [Anonymous Symbol]
    sysctrl.o(.text.Sysctrl_SetPeripheralGate) refers to ddl.o(.text.SetBit) for SetBit
    sysctrl.o(.ARM.exidx.text.Sysctrl_SetPeripheralGate) refers to sysctrl.o(.text.Sysctrl_SetPeripheralGate) for [Anonymous Symbol]
    sysctrl.o(.text.Sysctrl_GetPeripheralGate) refers to ddl.o(.text.GetBit) for GetBit
    sysctrl.o(.ARM.exidx.text.Sysctrl_GetPeripheralGate) refers to sysctrl.o(.text.Sysctrl_GetPeripheralGate) for [Anonymous Symbol]
    sysctrl.o(.text.Sysctrl_SetFunc) refers to ddl.o(.text.SetBit) for SetBit
    sysctrl.o(.ARM.exidx.text.Sysctrl_SetFunc) refers to sysctrl.o(.text.Sysctrl_SetFunc) for [Anonymous Symbol]
    sysctrl.o(.ARM.exidx.text.Sysctrl_UsbClkSel) refers to sysctrl.o(.text.Sysctrl_UsbClkSel) for [Anonymous Symbol]
    sysctrl.o(.ARM.exidx.text.Sysctrl_TimerPllClkSel) refers to sysctrl.o(.text.Sysctrl_TimerPllClkSel) for [Anonymous Symbol]
    can.o(.ARM.exidx.text.CAN_Init) refers to can.o(.text.CAN_Init) for [Anonymous Symbol]
    can.o(.ARM.exidx.text.CAN_DeInit) refers to can.o(.text.CAN_DeInit) for [Anonymous Symbol]
    can.o(.ARM.exidx.text.CAN_ModeConfig) refers to can.o(.text.CAN_ModeConfig) for [Anonymous Symbol]
    can.o(.ARM.exidx.text.CAN_FilterConfig) refers to can.o(.text.CAN_FilterConfig) for [Anonymous Symbol]
    can.o(.ARM.exidx.text.CAN_SetFrame) refers to can.o(.text.CAN_SetFrame) for [Anonymous Symbol]
    can.o(.ARM.exidx.text.CAN_TransmitCmd) refers to can.o(.text.CAN_TransmitCmd) for [Anonymous Symbol]
    can.o(.ARM.exidx.text.CAN_TxBufStatusGet) refers to can.o(.text.CAN_TxBufStatusGet) for [Anonymous Symbol]
    can.o(.ARM.exidx.text.CAN_Receive) refers to can.o(.text.CAN_Receive) for [Anonymous Symbol]
    can.o(.ARM.exidx.text.CAN_RxBufStatusGet) refers to can.o(.text.CAN_RxBufStatusGet) for [Anonymous Symbol]
    can.o(.ARM.exidx.text.CAN_ErrorStatusGet) refers to can.o(.text.CAN_ErrorStatusGet) for [Anonymous Symbol]
    can.o(.ARM.exidx.text.CAN_StatusGet) refers to can.o(.text.CAN_StatusGet) for [Anonymous Symbol]
    can.o(.ARM.exidx.text.CAN_IrqCmd) refers to can.o(.text.CAN_IrqCmd) for [Anonymous Symbol]
    can.o(.ARM.exidx.text.CAN_IrqFlgGet) refers to can.o(.text.CAN_IrqFlgGet) for [Anonymous Symbol]
    can.o(.ARM.exidx.text.CAN_IrqFlgClr) refers to can.o(.text.CAN_IrqFlgClr) for [Anonymous Symbol]
    can.o(.ARM.exidx.text.CAN_RxErrorCntGet) refers to can.o(.text.CAN_RxErrorCntGet) for [Anonymous Symbol]
    can.o(.ARM.exidx.text.CAN_TxErrorCntGet) refers to can.o(.text.CAN_TxErrorCntGet) for [Anonymous Symbol]
    can.o(.ARM.exidx.text.CAN_ArbitrationLostCap) refers to can.o(.text.CAN_ArbitrationLostCap) for [Anonymous Symbol]
    gpio.o(.text.Gpio_Init) refers to ddl.o(.text.SetBit) for SetBit
    gpio.o(.ARM.exidx.text.Gpio_Init) refers to gpio.o(.text.Gpio_Init) for [Anonymous Symbol]
    gpio.o(.text.Gpio_GetInputIO) refers to ddl.o(.text.GetBit) for GetBit
    gpio.o(.ARM.exidx.text.Gpio_GetInputIO) refers to gpio.o(.text.Gpio_GetInputIO) for [Anonymous Symbol]
    gpio.o(.ARM.exidx.text.Gpio_GetInputData) refers to gpio.o(.text.Gpio_GetInputData) for [Anonymous Symbol]
    gpio.o(.text.Gpio_WriteOutputIO) refers to ddl.o(.text.SetBit) for SetBit
    gpio.o(.ARM.exidx.text.Gpio_WriteOutputIO) refers to gpio.o(.text.Gpio_WriteOutputIO) for [Anonymous Symbol]
    gpio.o(.text.Gpio_ReadOutputIO) refers to ddl.o(.text.GetBit) for GetBit
    gpio.o(.ARM.exidx.text.Gpio_ReadOutputIO) refers to gpio.o(.text.Gpio_ReadOutputIO) for [Anonymous Symbol]
    gpio.o(.ARM.exidx.text.Gpio_SetPort) refers to gpio.o(.text.Gpio_SetPort) for [Anonymous Symbol]
    gpio.o(.text.Gpio_SetIO) refers to ddl.o(.text.SetBit) for SetBit
    gpio.o(.ARM.exidx.text.Gpio_SetIO) refers to gpio.o(.text.Gpio_SetIO) for [Anonymous Symbol]
    gpio.o(.ARM.exidx.text.Gpio_ClrPort) refers to gpio.o(.text.Gpio_ClrPort) for [Anonymous Symbol]
    gpio.o(.text.Gpio_ClrIO) refers to ddl.o(.text.SetBit) for SetBit
    gpio.o(.ARM.exidx.text.Gpio_ClrIO) refers to gpio.o(.text.Gpio_ClrIO) for [Anonymous Symbol]
    gpio.o(.ARM.exidx.text.Gpio_SetClrPort) refers to gpio.o(.text.Gpio_SetClrPort) for [Anonymous Symbol]
    gpio.o(.text.Gpio_SetAnalogMode) refers to ddl.o(.text.SetBit) for SetBit
    gpio.o(.ARM.exidx.text.Gpio_SetAnalogMode) refers to gpio.o(.text.Gpio_SetAnalogMode) for [Anonymous Symbol]
    gpio.o(.ARM.exidx.text.Gpio_SetAfMode) refers to gpio.o(.text.Gpio_SetAfMode) for [Anonymous Symbol]
    gpio.o(.text.Gpio_EnableIrq) refers to ddl.o(.text.SetBit) for SetBit
    gpio.o(.ARM.exidx.text.Gpio_EnableIrq) refers to gpio.o(.text.Gpio_EnableIrq) for [Anonymous Symbol]
    gpio.o(.text.Gpio_DisableIrq) refers to ddl.o(.text.SetBit) for SetBit
    gpio.o(.ARM.exidx.text.Gpio_DisableIrq) refers to gpio.o(.text.Gpio_DisableIrq) for [Anonymous Symbol]
    gpio.o(.text.Gpio_GetIrqStatus) refers to ddl.o(.text.GetBit) for GetBit
    gpio.o(.ARM.exidx.text.Gpio_GetIrqStatus) refers to gpio.o(.text.Gpio_GetIrqStatus) for [Anonymous Symbol]
    gpio.o(.text.Gpio_ClearIrq) refers to ddl.o(.text.SetBit) for SetBit
    gpio.o(.ARM.exidx.text.Gpio_ClearIrq) refers to gpio.o(.text.Gpio_ClearIrq) for [Anonymous Symbol]
    gpio.o(.ARM.exidx.text.Gpio_SfIrqModeCfg) refers to gpio.o(.text.Gpio_SfIrqModeCfg) for [Anonymous Symbol]
    gpio.o(.ARM.exidx.text.Gpio_SfIrPolCfg) refers to gpio.o(.text.Gpio_SfIrPolCfg) for [Anonymous Symbol]
    gpio.o(.ARM.exidx.text.Gpio_SfHClkOutputCfg) refers to gpio.o(.text.Gpio_SfHClkOutputCfg) for [Anonymous Symbol]
    gpio.o(.ARM.exidx.text.Gpio_SfPClkOutputCfg) refers to gpio.o(.text.Gpio_SfPClkOutputCfg) for [Anonymous Symbol]
    gpio.o(.ARM.exidx.text.Gpio_SfExtClkCfg) refers to gpio.o(.text.Gpio_SfExtClkCfg) for [Anonymous Symbol]
    gpio.o(.ARM.exidx.text.Gpio_SfSsnCfg) refers to gpio.o(.text.Gpio_SfSsnCfg) for [Anonymous Symbol]
    gpio.o(.ARM.exidx.text.Gpio_SfTimGCfg) refers to gpio.o(.text.Gpio_SfTimGCfg) for [Anonymous Symbol]
    gpio.o(.ARM.exidx.text.Gpio_SfTimECfg) refers to gpio.o(.text.Gpio_SfTimECfg) for [Anonymous Symbol]
    gpio.o(.ARM.exidx.text.Gpio_SfTimCCfg) refers to gpio.o(.text.Gpio_SfTimCCfg) for [Anonymous Symbol]
    gpio.o(.ARM.exidx.text.Gpio_SfPcaCfg) refers to gpio.o(.text.Gpio_SfPcaCfg) for [Anonymous Symbol]
    main.o(.text.Can_IRQHandler) refers to can.o(.text.CAN_IrqFlgGet) for CAN_IrqFlgGet
    main.o(.text.Can_IRQHandler) refers to can.o(.text.CAN_IrqFlgClr) for CAN_IrqFlgClr
    main.o(.text.Can_IRQHandler) refers to can.o(.text.CAN_IrqCmd) for CAN_IrqCmd
    main.o(.text.Can_IRQHandler) refers to can.o(.text.CAN_Receive) for CAN_Receive
    main.o(.text.Can_IRQHandler) refers to main.o(.bss..L_MergedGlobals) for [Anonymous Symbol]
    main.o(.ARM.exidx.text.Can_IRQHandler) refers to main.o(.text.Can_IRQHandler) for [Anonymous Symbol]
    main.o(.text.main) refers to sysctrl.o(.text.Sysctrl_SetXTHFreq) for Sysctrl_SetXTHFreq
    main.o(.text.main) refers to sysctrl.o(.text.Sysctrl_XTHDriverCfg) for Sysctrl_XTHDriverCfg
    main.o(.text.main) refers to sysctrl.o(.text.Sysctrl_SetXTHStableTime) for Sysctrl_SetXTHStableTime
    main.o(.text.main) refers to sysctrl.o(.text.Sysctrl_ClkSourceEnable) for Sysctrl_ClkSourceEnable
    main.o(.text.main) refers to ddl.o(.text.delay1ms) for delay1ms
    main.o(.text.main) refers to sysctrl.o(.text.Sysctrl_SysClkSwitch) for Sysctrl_SysClkSwitch
    main.o(.text.main) refers to sysctrl.o(.text.Sysctrl_SetPeripheralGate) for Sysctrl_SetPeripheralGate
    main.o(.text.main) refers to gpio.o(.text.Gpio_SetAfMode) for Gpio_SetAfMode
    main.o(.text.main) refers to gpio.o(.text.Gpio_ClrIO) for Gpio_ClrIO
    main.o(.text.main) refers to can.o(.text.CAN_Init) for CAN_Init
    main.o(.text.main) refers to can.o(.text.CAN_FilterConfig) for CAN_FilterConfig
    main.o(.text.main) refers to can.o(.text.CAN_IrqCmd) for CAN_IrqCmd
    main.o(.text.main) refers to interrupts_hc32f072.o(.text.EnableNvic) for EnableNvic
    main.o(.text.main) refers to can.o(.text.CAN_SetFrame) for CAN_SetFrame
    main.o(.text.main) refers to can.o(.text.CAN_TransmitCmd) for CAN_TransmitCmd
    main.o(.text.main) refers to gpio.o(.text.Gpio_Init) for Gpio_Init
    main.o(.text.main) refers to main.o(.bss..L_MergedGlobals) for [Anonymous Symbol]
    main.o(.ARM.exidx.text.main) refers to main.o(.text.main) for [Anonymous Symbol]
    entry.o(.ARM.Collect$$$$00000000) refers (Special) to entry10a.o(.ARM.Collect$$$$0000000D) for __rt_final_cpp
    entry.o(.ARM.Collect$$$$00000000) refers (Special) to entry11a.o(.ARM.Collect$$$$0000000F) for __rt_final_exit
    entry.o(.ARM.Collect$$$$00000000) refers (Special) to entry7b.o(.ARM.Collect$$$$00000008) for _main_clock
    entry.o(.ARM.Collect$$$$00000000) refers (Special) to entry8b.o(.ARM.Collect$$$$0000000A) for _main_cpp_init
    entry.o(.ARM.Collect$$$$00000000) refers (Special) to entry9a.o(.ARM.Collect$$$$0000000B) for _main_init
    entry.o(.ARM.Collect$$$$00000000) refers (Special) to entry5.o(.ARM.Collect$$$$00000004) for _main_scatterload
    entry.o(.ARM.Collect$$$$00000000) refers (Special) to entry2.o(.ARM.Collect$$$$00000001) for _main_stk
    entry2.o(.ARM.Collect$$$$00000001) refers to entry2.o(.ARM.Collect$$$$00002712) for __lit__00000000
    entry2.o(.ARM.Collect$$$$00002712) refers to startup_hc32f072.o(STACK) for __initial_sp
    entry2.o(__vectab_stack_and_reset_area) refers to startup_hc32f072.o(STACK) for __initial_sp
    entry2.o(__vectab_stack_and_reset_area) refers to entry.o(.ARM.Collect$$$$00000000) for __main
    entry5.o(.ARM.Collect$$$$00000004) refers to init.o(.text) for __scatterload
    entry9a.o(.ARM.Collect$$$$0000000B) refers to system_hc32f072.o(.text.$Sub$$main) for main
    entry9b.o(.ARM.Collect$$$$0000000C) refers to system_hc32f072.o(.text.$Sub$$main) for main
    idiv_div0.o(.text) refers to uidiv_div0.o(.text) for __aeabi_uidivmod
    init.o(.text) refers to entry5.o(.ARM.Collect$$$$00000004) for __main_after_scatterload


==============================================================================

Removing Unused input sections from the image.

    Removing system_hc32f072.o(.text), (0 bytes).
    Removing system_hc32f072.o(.ARM.exidx.text.SystemCoreClockUpdate), (8 bytes).
    Removing system_hc32f072.o(.ARM.exidx.text.SystemInit), (8 bytes).
    Removing system_hc32f072.o(.ARM.exidx.text.$Sub$$main), (8 bytes).
    Removing interrupts_hc32f072.o(.text), (0 bytes).
    Removing interrupts_hc32f072.o(.ARM.exidx.text.EnableNvic), (8 bytes).
    Removing interrupts_hc32f072.o(.ARM.exidx.text.HardFault_Handler), (8 bytes).
    Removing interrupts_hc32f072.o(.ARM.exidx.text.SysTick_Handler), (8 bytes).
    Removing interrupts_hc32f072.o(.ARM.exidx.text.PORTA_IRQHandler), (8 bytes).
    Removing interrupts_hc32f072.o(.ARM.exidx.text.PORTB_IRQHandler), (8 bytes).
    Removing interrupts_hc32f072.o(.ARM.exidx.text.PORTC_E_IRQHandler), (8 bytes).
    Removing interrupts_hc32f072.o(.ARM.exidx.text.PORTD_F_IRQHandler), (8 bytes).
    Removing interrupts_hc32f072.o(.ARM.exidx.text.DMAC_IRQHandler), (8 bytes).
    Removing interrupts_hc32f072.o(.ARM.exidx.text.TIM3_IRQHandler), (8 bytes).
    Removing interrupts_hc32f072.o(.ARM.exidx.text.UART0_2_IRQHandler), (8 bytes).
    Removing interrupts_hc32f072.o(.ARM.exidx.text.UART1_3_IRQHandler), (8 bytes).
    Removing interrupts_hc32f072.o(.ARM.exidx.text.LPUART0_IRQHandler), (8 bytes).
    Removing interrupts_hc32f072.o(.ARM.exidx.text.LPUART1_IRQHandler), (8 bytes).
    Removing interrupts_hc32f072.o(.ARM.exidx.text.SPI0_I2S0_IRQHandler), (8 bytes).
    Removing interrupts_hc32f072.o(.ARM.exidx.text.SPI1_I2S1_IRQHandler), (8 bytes).
    Removing interrupts_hc32f072.o(.ARM.exidx.text.I2C0_IRQHandler), (8 bytes).
    Removing interrupts_hc32f072.o(.ARM.exidx.text.I2C1_IRQHandler), (8 bytes).
    Removing interrupts_hc32f072.o(.ARM.exidx.text.TIM0_IRQHandler), (8 bytes).
    Removing interrupts_hc32f072.o(.ARM.exidx.text.TIM1_IRQHandler), (8 bytes).
    Removing interrupts_hc32f072.o(.ARM.exidx.text.TIM2_IRQHandler), (8 bytes).
    Removing interrupts_hc32f072.o(.ARM.exidx.text.TIM4_IRQHandler), (8 bytes).
    Removing interrupts_hc32f072.o(.ARM.exidx.text.TIM5_IRQHandler), (8 bytes).
    Removing interrupts_hc32f072.o(.ARM.exidx.text.TIM6_IRQHandler), (8 bytes).
    Removing interrupts_hc32f072.o(.ARM.exidx.text.PCA_IRQHandler), (8 bytes).
    Removing interrupts_hc32f072.o(.ARM.exidx.text.WDT_IRQHandler), (8 bytes).
    Removing interrupts_hc32f072.o(.ARM.exidx.text.ADC_DAC_IRQHandler), (8 bytes).
    Removing interrupts_hc32f072.o(.ARM.exidx.text.VC0_1_2_LVD_IRQHandler), (8 bytes).
    Removing interrupts_hc32f072.o(.ARM.exidx.text.USBFS_IRQHandler), (8 bytes).
    Removing interrupts_hc32f072.o(.ARM.exidx.text.CAN_IRQHandler), (8 bytes).
    Removing interrupts_hc32f072.o(.ARM.exidx.text.FLASH_RAM_IRQHandler), (8 bytes).
    Removing interrupts_hc32f072.o(.ARM.exidx.text.CLKTRIM_CTS_IRQHandler), (8 bytes).
    Removing startup_hc32f072.o(HEAP), (512 bytes).
    Removing ddl.o(.text), (0 bytes).
    Removing ddl.o(.text.Log2), (22 bytes).
    Removing ddl.o(.ARM.exidx.text.Log2), (8 bytes).
    Removing ddl.o(.text.ddl_memclr), (20 bytes).
    Removing ddl.o(.ARM.exidx.text.ddl_memclr), (8 bytes).
    Removing ddl.o(.ARM.exidx.text.delay1ms), (8 bytes).
    Removing ddl.o(.text.delay100us), (80 bytes).
    Removing ddl.o(.ARM.exidx.text.delay100us), (8 bytes).
    Removing ddl.o(.ARM.exidx.text.delay10us), (8 bytes).
    Removing ddl.o(.ARM.exidx.text.SetBit), (8 bytes).
    Removing ddl.o(.text.GetBit), (10 bytes).
    Removing ddl.o(.ARM.exidx.text.GetBit), (8 bytes).
    Removing sysctrl.o(.text), (0 bytes).
    Removing sysctrl.o(.ARM.exidx.text.Sysctrl_ClkSourceEnable), (8 bytes).
    Removing sysctrl.o(.ARM.exidx.text.Sysctrl_XTHDriverCfg), (8 bytes).
    Removing sysctrl.o(.text.Sysctrl_XTLDriverCfg), (40 bytes).
    Removing sysctrl.o(.ARM.exidx.text.Sysctrl_XTLDriverCfg), (8 bytes).
    Removing sysctrl.o(.ARM.exidx.text.Sysctrl_SetXTHStableTime), (8 bytes).
    Removing sysctrl.o(.text.Sysctrl_SetRCLStableTime), (28 bytes).
    Removing sysctrl.o(.ARM.exidx.text.Sysctrl_SetRCLStableTime), (8 bytes).
    Removing sysctrl.o(.text.Sysctrl_SetXTLStableTime), (24 bytes).
    Removing sysctrl.o(.ARM.exidx.text.Sysctrl_SetXTLStableTime), (8 bytes).
    Removing sysctrl.o(.text.Sysctrl_SetPLLStableTime), (28 bytes).
    Removing sysctrl.o(.ARM.exidx.text.Sysctrl_SetPLLStableTime), (8 bytes).
    Removing sysctrl.o(.ARM.exidx.text.Sysctrl_SysClkSwitch), (8 bytes).
    Removing sysctrl.o(.ARM.exidx.text.Sysctrl_GetHClkFreq), (8 bytes).
    Removing sysctrl.o(.text.Sysctrl_GetPClkFreq), (24 bytes).
    Removing sysctrl.o(.ARM.exidx.text.Sysctrl_GetPClkFreq), (8 bytes).
    Removing sysctrl.o(.text.Sysctrl_ClkInit), (156 bytes).
    Removing sysctrl.o(.ARM.exidx.text.Sysctrl_ClkInit), (8 bytes).
    Removing sysctrl.o(.text.Sysctrl_SetHCLKDiv), (44 bytes).
    Removing sysctrl.o(.ARM.exidx.text.Sysctrl_SetHCLKDiv), (8 bytes).
    Removing sysctrl.o(.text.Sysctrl_SetPCLKDiv), (44 bytes).
    Removing sysctrl.o(.ARM.exidx.text.Sysctrl_SetPCLKDiv), (8 bytes).
    Removing sysctrl.o(.text.Sysctrl_ClkDeInit), (132 bytes).
    Removing sysctrl.o(.ARM.exidx.text.Sysctrl_ClkDeInit), (8 bytes).
    Removing sysctrl.o(.text.Sysctrl_SetRCHTrim), (72 bytes).
    Removing sysctrl.o(.ARM.exidx.text.Sysctrl_SetRCHTrim), (8 bytes).
    Removing sysctrl.o(.ARM.exidx.text.Sysctrl_SetXTHFreq), (8 bytes).
    Removing sysctrl.o(.text.Sysctrl_SetPLLFreq), (184 bytes).
    Removing sysctrl.o(.ARM.exidx.text.Sysctrl_SetPLLFreq), (8 bytes).
    Removing sysctrl.o(.text.Sysctrl_SetRCLTrim), (44 bytes).
    Removing sysctrl.o(.ARM.exidx.text.Sysctrl_SetRCLTrim), (8 bytes).
    Removing sysctrl.o(.ARM.exidx.text.Sysctrl_SetPeripheralGate), (8 bytes).
    Removing sysctrl.o(.text.Sysctrl_GetPeripheralGate), (28 bytes).
    Removing sysctrl.o(.ARM.exidx.text.Sysctrl_GetPeripheralGate), (8 bytes).
    Removing sysctrl.o(.text.Sysctrl_SetFunc), (36 bytes).
    Removing sysctrl.o(.ARM.exidx.text.Sysctrl_SetFunc), (8 bytes).
    Removing sysctrl.o(.text.Sysctrl_UsbClkSel), (40 bytes).
    Removing sysctrl.o(.ARM.exidx.text.Sysctrl_UsbClkSel), (8 bytes).
    Removing sysctrl.o(.text.Sysctrl_TimerPllClkSel), (28 bytes).
    Removing sysctrl.o(.ARM.exidx.text.Sysctrl_TimerPllClkSel), (8 bytes).
    Removing can.o(.text), (0 bytes).
    Removing can.o(.ARM.exidx.text.CAN_Init), (8 bytes).
    Removing can.o(.text.CAN_DeInit), (16 bytes).
    Removing can.o(.ARM.exidx.text.CAN_DeInit), (8 bytes).
    Removing can.o(.text.CAN_ModeConfig), (60 bytes).
    Removing can.o(.ARM.exidx.text.CAN_ModeConfig), (8 bytes).
    Removing can.o(.ARM.exidx.text.CAN_FilterConfig), (8 bytes).
    Removing can.o(.ARM.exidx.text.CAN_SetFrame), (8 bytes).
    Removing can.o(.ARM.exidx.text.CAN_TransmitCmd), (8 bytes).
    Removing can.o(.text.CAN_TxBufStatusGet), (16 bytes).
    Removing can.o(.ARM.exidx.text.CAN_TxBufStatusGet), (8 bytes).
    Removing can.o(.ARM.exidx.text.CAN_Receive), (8 bytes).
    Removing can.o(.text.CAN_RxBufStatusGet), (16 bytes).
    Removing can.o(.ARM.exidx.text.CAN_RxBufStatusGet), (8 bytes).
    Removing can.o(.text.CAN_ErrorStatusGet), (24 bytes).
    Removing can.o(.ARM.exidx.text.CAN_ErrorStatusGet), (8 bytes).
    Removing can.o(.text.CAN_StatusGet), (16 bytes).
    Removing can.o(.ARM.exidx.text.CAN_StatusGet), (8 bytes).
    Removing can.o(.ARM.exidx.text.CAN_IrqCmd), (8 bytes).
    Removing can.o(.ARM.exidx.text.CAN_IrqFlgGet), (8 bytes).
    Removing can.o(.ARM.exidx.text.CAN_IrqFlgClr), (8 bytes).
    Removing can.o(.text.CAN_RxErrorCntGet), (12 bytes).
    Removing can.o(.ARM.exidx.text.CAN_RxErrorCntGet), (8 bytes).
    Removing can.o(.text.CAN_TxErrorCntGet), (12 bytes).
    Removing can.o(.ARM.exidx.text.CAN_TxErrorCntGet), (8 bytes).
    Removing can.o(.text.CAN_ArbitrationLostCap), (16 bytes).
    Removing can.o(.ARM.exidx.text.CAN_ArbitrationLostCap), (8 bytes).
    Removing gpio.o(.text), (0 bytes).
    Removing gpio.o(.ARM.exidx.text.Gpio_Init), (8 bytes).
    Removing gpio.o(.text.Gpio_GetInputIO), (16 bytes).
    Removing gpio.o(.ARM.exidx.text.Gpio_GetInputIO), (8 bytes).
    Removing gpio.o(.text.Gpio_GetInputData), (12 bytes).
    Removing gpio.o(.ARM.exidx.text.Gpio_GetInputData), (8 bytes).
    Removing gpio.o(.text.Gpio_WriteOutputIO), (20 bytes).
    Removing gpio.o(.ARM.exidx.text.Gpio_WriteOutputIO), (8 bytes).
    Removing gpio.o(.text.Gpio_ReadOutputIO), (16 bytes).
    Removing gpio.o(.ARM.exidx.text.Gpio_ReadOutputIO), (8 bytes).
    Removing gpio.o(.text.Gpio_SetPort), (12 bytes).
    Removing gpio.o(.ARM.exidx.text.Gpio_SetPort), (8 bytes).
    Removing gpio.o(.text.Gpio_SetIO), (20 bytes).
    Removing gpio.o(.ARM.exidx.text.Gpio_SetIO), (8 bytes).
    Removing gpio.o(.text.Gpio_ClrPort), (12 bytes).
    Removing gpio.o(.ARM.exidx.text.Gpio_ClrPort), (8 bytes).
    Removing gpio.o(.ARM.exidx.text.Gpio_ClrIO), (8 bytes).
    Removing gpio.o(.text.Gpio_SetClrPort), (12 bytes).
    Removing gpio.o(.ARM.exidx.text.Gpio_SetClrPort), (8 bytes).
    Removing gpio.o(.text.Gpio_SetAnalogMode), (20 bytes).
    Removing gpio.o(.ARM.exidx.text.Gpio_SetAnalogMode), (8 bytes).
    Removing gpio.o(.ARM.exidx.text.Gpio_SetAfMode), (8 bytes).
    Removing gpio.o(.text.Gpio_EnableIrq), (24 bytes).
    Removing gpio.o(.ARM.exidx.text.Gpio_EnableIrq), (8 bytes).
    Removing gpio.o(.text.Gpio_DisableIrq), (28 bytes).
    Removing gpio.o(.ARM.exidx.text.Gpio_DisableIrq), (8 bytes).
    Removing gpio.o(.text.Gpio_GetIrqStatus), (16 bytes).
    Removing gpio.o(.ARM.exidx.text.Gpio_GetIrqStatus), (8 bytes).
    Removing gpio.o(.text.Gpio_ClearIrq), (24 bytes).
    Removing gpio.o(.ARM.exidx.text.Gpio_ClearIrq), (8 bytes).
    Removing gpio.o(.text.Gpio_SfIrqModeCfg), (24 bytes).
    Removing gpio.o(.ARM.exidx.text.Gpio_SfIrqModeCfg), (8 bytes).
    Removing gpio.o(.text.Gpio_SfIrPolCfg), (28 bytes).
    Removing gpio.o(.ARM.exidx.text.Gpio_SfIrPolCfg), (8 bytes).
    Removing gpio.o(.text.Gpio_SfHClkOutputCfg), (44 bytes).
    Removing gpio.o(.ARM.exidx.text.Gpio_SfHClkOutputCfg), (8 bytes).
    Removing gpio.o(.text.Gpio_SfPClkOutputCfg), (44 bytes).
    Removing gpio.o(.ARM.exidx.text.Gpio_SfPClkOutputCfg), (8 bytes).
    Removing gpio.o(.text.Gpio_SfExtClkCfg), (24 bytes).
    Removing gpio.o(.ARM.exidx.text.Gpio_SfExtClkCfg), (8 bytes).
    Removing gpio.o(.text.Gpio_SfSsnCfg), (48 bytes).
    Removing gpio.o(.ARM.exidx.text.Gpio_SfSsnCfg), (8 bytes).
    Removing gpio.o(.text.Gpio_SfTimGCfg), (60 bytes).
    Removing gpio.o(.ARM.exidx.text.Gpio_SfTimGCfg), (8 bytes).
    Removing gpio.o(.text.Gpio_SfTimECfg), (60 bytes).
    Removing gpio.o(.ARM.exidx.text.Gpio_SfTimECfg), (8 bytes).
    Removing gpio.o(.text.Gpio_SfTimCCfg), (32 bytes).
    Removing gpio.o(.ARM.exidx.text.Gpio_SfTimCCfg), (8 bytes).
    Removing gpio.o(.text.Gpio_SfPcaCfg), (32 bytes).
    Removing gpio.o(.ARM.exidx.text.Gpio_SfPcaCfg), (8 bytes).
    Removing main.o(.text), (0 bytes).
    Removing main.o(.ARM.exidx.text.Can_IRQHandler), (8 bytes).
    Removing main.o(.ARM.exidx.text.main), (8 bytes).
    Removing main.o(.ARM.use_no_argv), (4 bytes).

170 unused section(s) (total 3288 bytes) removed from the image.

==============================================================================

Image Symbol Table

    Local Symbols

    Symbol Name                              Value     Ov Type        Size  Object(Section)

    ../clib/division.s                       0x00000000   Number         0  aeabi_sdiv.o ABSOLUTE
    ../clib/division.s                       0x00000000   Number         0  aeabi_sdiv_div0.o ABSOLUTE
    ../clib/microlib/division.c              0x00000000   Number         0  uidiv.o ABSOLUTE
    ../clib/microlib/division.c              0x00000000   Number         0  uidiv_div0.o ABSOLUTE
    ../clib/microlib/division.c              0x00000000   Number         0  idiv_div0.o ABSOLUTE
    ../clib/microlib/division.c              0x00000000   Number         0  idiv0.o ABSOLUTE
    ../clib/microlib/init/entry.s            0x00000000   Number         0  entry.o ABSOLUTE
    ../clib/microlib/init/entry.s            0x00000000   Number         0  entry2.o ABSOLUTE
    ../clib/microlib/init/entry.s            0x00000000   Number         0  entry5.o ABSOLUTE
    ../clib/microlib/init/entry.s            0x00000000   Number         0  entry7a.o ABSOLUTE
    ../clib/microlib/init/entry.s            0x00000000   Number         0  entry7b.o ABSOLUTE
    ../clib/microlib/init/entry.s            0x00000000   Number         0  entry8a.o ABSOLUTE
    ../clib/microlib/init/entry.s            0x00000000   Number         0  entry8b.o ABSOLUTE
    ../clib/microlib/init/entry.s            0x00000000   Number         0  entry9a.o ABSOLUTE
    ../clib/microlib/init/entry.s            0x00000000   Number         0  entry9b.o ABSOLUTE
    ../clib/microlib/init/entry.s            0x00000000   Number         0  entry10a.o ABSOLUTE
    ../clib/microlib/init/entry.s            0x00000000   Number         0  entry10b.o ABSOLUTE
    ../clib/microlib/init/entry.s            0x00000000   Number         0  entry11a.o ABSOLUTE
    ../clib/microlib/init/entry.s            0x00000000   Number         0  entry11b.o ABSOLUTE
    can.c                                    0x00000000   Number         0  can.o ABSOLUTE
    dc.s                                     0x00000000   Number         0  dc.o ABSOLUTE
    ddl.c                                    0x00000000   Number         0  ddl.o ABSOLUTE
    gpio.c                                   0x00000000   Number         0  gpio.o ABSOLUTE
    handlers.s                               0x00000000   Number         0  handlers.o ABSOLUTE
    hc32f072/startup_hc32f072.s              0x00000000   Number         0  startup_hc32f072.o ABSOLUTE
    init.s                                   0x00000000   Number         0  init.o ABSOLUTE
    interrupts_hc32f072.c                    0x00000000   Number         0  interrupts_hc32f072.o ABSOLUTE
    main.c                                   0x00000000   Number         0  main.o ABSOLUTE
    sysctrl.c                                0x00000000   Number         0  sysctrl.o ABSOLUTE
    system_hc32f072.c                        0x00000000   Number         0  system_hc32f072.o ABSOLUTE
    RESET                                    0x00000000   Section      192  startup_hc32f072.o(RESET)
    .ARM.Collect$$$$00000000                 0x000000c0   Section        0  entry.o(.ARM.Collect$$$$00000000)
    .ARM.Collect$$$$00000001                 0x000000c0   Section        4  entry2.o(.ARM.Collect$$$$00000001)
    .ARM.Collect$$$$00000004                 0x000000c4   Section        4  entry5.o(.ARM.Collect$$$$00000004)
    .ARM.Collect$$$$00000008                 0x000000c8   Section        0  entry7b.o(.ARM.Collect$$$$00000008)
    .ARM.Collect$$$$0000000A                 0x000000c8   Section        0  entry8b.o(.ARM.Collect$$$$0000000A)
    .ARM.Collect$$$$0000000B                 0x000000c8   Section        8  entry9a.o(.ARM.Collect$$$$0000000B)
    __lit__00000000                          0x000000d0   Data           4  entry2.o(.ARM.Collect$$$$00002712)
    .ARM.Collect$$$$0000000D                 0x000000d0   Section        0  entry10a.o(.ARM.Collect$$$$0000000D)
    .ARM.Collect$$$$0000000F                 0x000000d0   Section        0  entry11a.o(.ARM.Collect$$$$0000000F)
    .ARM.Collect$$$$00002712                 0x000000d0   Section        4  entry2.o(.ARM.Collect$$$$00002712)
    .text                                    0x000000d4   Section       60  startup_hc32f072.o(.text)
    .text                                    0x00000110   Section        0  uidiv_div0.o(.text)
    .text                                    0x00000150   Section       36  init.o(.text)
    [Anonymous Symbol]                       0x00000174   Section        0  system_hc32f072.o(.text.$Sub$$main)
    [Anonymous Symbol]                       0x00000182   Section        0  interrupts_hc32f072.o(.text.ADC_DAC_IRQHandler)
    [Anonymous Symbol]                       0x00000190   Section        0  can.o(.text.CAN_FilterConfig)
    [Anonymous Symbol]                       0x0000020c   Section        0  interrupts_hc32f072.o(.text.CAN_IRQHandler)
    [Anonymous Symbol]                       0x00000214   Section        0  can.o(.text.CAN_Init)
    __arm_cp.0_0                             0x000002bc   Number         4  can.o(.text.CAN_Init)
    [Anonymous Symbol]                       0x000002c0   Section        0  can.o(.text.CAN_IrqCmd)
    [Anonymous Symbol]                       0x000002d4   Section        0  can.o(.text.CAN_IrqFlgClr)
    __arm_cp.13_1                            0x000002e4   Number         4  can.o(.text.CAN_IrqFlgClr)
    [Anonymous Symbol]                       0x000002e8   Section        0  can.o(.text.CAN_IrqFlgGet)
    __arm_cp.12_0                            0x000002f4   Number         4  can.o(.text.CAN_IrqFlgGet)
    [Anonymous Symbol]                       0x000002f8   Section        0  can.o(.text.CAN_Receive)
    __arm_cp.7_0                             0x00000318   Number         4  can.o(.text.CAN_Receive)
    __arm_cp.7_1                             0x0000031c   Number         4  can.o(.text.CAN_Receive)
    [Anonymous Symbol]                       0x00000320   Section        0  can.o(.text.CAN_SetFrame)
    __arm_cp.4_1                             0x00000354   Number         4  can.o(.text.CAN_SetFrame)
    [Anonymous Symbol]                       0x00000358   Section        0  can.o(.text.CAN_TransmitCmd)
    __arm_cp.5_0                             0x00000364   Number         4  can.o(.text.CAN_TransmitCmd)
    [Anonymous Symbol]                       0x00000368   Section        0  interrupts_hc32f072.o(.text.CLKTRIM_CTS_IRQHandler)
    [Anonymous Symbol]                       0x00000374   Section        0  main.o(.text.Can_IRQHandler)
    __arm_cp.0_0                             0x000003a0   Number         4  main.o(.text.Can_IRQHandler)
    [Anonymous Symbol]                       0x000003a4   Section        0  interrupts_hc32f072.o(.text.DMAC_IRQHandler)
    [Anonymous Symbol]                       0x000003ac   Section        0  interrupts_hc32f072.o(.text.EnableNvic)
    __arm_cp.0_0                             0x0000041c   Number         4  interrupts_hc32f072.o(.text.EnableNvic)
    __arm_cp.0_1                             0x00000420   Number         4  interrupts_hc32f072.o(.text.EnableNvic)
    __arm_cp.0_2                             0x00000424   Number         4  interrupts_hc32f072.o(.text.EnableNvic)
    __arm_cp.0_3                             0x00000428   Number         4  interrupts_hc32f072.o(.text.EnableNvic)
    __arm_cp.0_4                             0x0000042c   Number         4  interrupts_hc32f072.o(.text.EnableNvic)
    [Anonymous Symbol]                       0x00000430   Section        0  interrupts_hc32f072.o(.text.FLASH_RAM_IRQHandler)
    [Anonymous Symbol]                       0x0000043c   Section        0  gpio.o(.text.Gpio_ClrIO)
    __arm_cp.8_0                             0x0000044c   Number         4  gpio.o(.text.Gpio_ClrIO)
    [Anonymous Symbol]                       0x00000450   Section        0  gpio.o(.text.Gpio_Init)
    __arm_cp.0_0                             0x000004cc   Number         4  gpio.o(.text.Gpio_Init)
    __arm_cp.0_1                             0x000004d0   Number         4  gpio.o(.text.Gpio_Init)
    __arm_cp.0_3                             0x000004d4   Number         4  gpio.o(.text.Gpio_Init)
    [Anonymous Symbol]                       0x000004d8   Section        0  gpio.o(.text.Gpio_SetAfMode)
    __arm_cp.11_0                            0x000004e4   Number         4  gpio.o(.text.Gpio_SetAfMode)
    [Anonymous Symbol]                       0x000004e8   Section        0  interrupts_hc32f072.o(.text.HardFault_Handler)
    [Anonymous Symbol]                       0x000004f8   Section        0  interrupts_hc32f072.o(.text.I2C0_IRQHandler)
    [Anonymous Symbol]                       0x00000500   Section        0  interrupts_hc32f072.o(.text.I2C1_IRQHandler)
    [Anonymous Symbol]                       0x00000508   Section        0  interrupts_hc32f072.o(.text.LPUART0_IRQHandler)
    [Anonymous Symbol]                       0x00000510   Section        0  interrupts_hc32f072.o(.text.LPUART1_IRQHandler)
    [Anonymous Symbol]                       0x00000518   Section        0  interrupts_hc32f072.o(.text.PCA_IRQHandler)
    [Anonymous Symbol]                       0x00000520   Section        0  interrupts_hc32f072.o(.text.PORTA_IRQHandler)
    [Anonymous Symbol]                       0x00000528   Section        0  interrupts_hc32f072.o(.text.PORTB_IRQHandler)
    [Anonymous Symbol]                       0x00000530   Section        0  interrupts_hc32f072.o(.text.PORTC_E_IRQHandler)
    [Anonymous Symbol]                       0x0000053c   Section        0  interrupts_hc32f072.o(.text.PORTD_F_IRQHandler)
    [Anonymous Symbol]                       0x00000548   Section        0  interrupts_hc32f072.o(.text.SPI0_I2S0_IRQHandler)
    [Anonymous Symbol]                       0x00000554   Section        0  interrupts_hc32f072.o(.text.SPI1_I2S1_IRQHandler)
    [Anonymous Symbol]                       0x00000560   Section        0  ddl.o(.text.SetBit)
    [Anonymous Symbol]                       0x00000576   Section        0  interrupts_hc32f072.o(.text.SysTick_Handler)
    [Anonymous Symbol]                       0x00000580   Section        0  sysctrl.o(.text.Sysctrl_ClkSourceEnable)
    __arm_cp.0_3                             0x000006bc   Number         4  sysctrl.o(.text.Sysctrl_ClkSourceEnable)
    __arm_cp.0_4                             0x000006c0   Number         4  sysctrl.o(.text.Sysctrl_ClkSourceEnable)
    __arm_cp.0_5                             0x000006c4   Number         4  sysctrl.o(.text.Sysctrl_ClkSourceEnable)
    [Anonymous Symbol]                       0x000006c8   Section        0  sysctrl.o(.text.Sysctrl_GetHClkFreq)
    __arm_cp.8_0                             0x0000079c   Number         4  sysctrl.o(.text.Sysctrl_GetHClkFreq)
    __arm_cp.8_2                             0x000007a0   Number         4  sysctrl.o(.text.Sysctrl_GetHClkFreq)
    __arm_cp.8_4                             0x000007a4   Number         4  sysctrl.o(.text.Sysctrl_GetHClkFreq)
    __arm_cp.8_5                             0x000007a8   Number         4  sysctrl.o(.text.Sysctrl_GetHClkFreq)
    __arm_cp.8_6                             0x000007ac   Number         4  sysctrl.o(.text.Sysctrl_GetHClkFreq)
    __arm_cp.8_7                             0x000007b0   Number         4  sysctrl.o(.text.Sysctrl_GetHClkFreq)
    [Anonymous Symbol]                       0x000007b4   Section        0  sysctrl.o(.text.Sysctrl_SetPeripheralGate)
    __arm_cp.18_0                            0x000007d0   Number         4  sysctrl.o(.text.Sysctrl_SetPeripheralGate)
    [Anonymous Symbol]                       0x000007d4   Section        0  sysctrl.o(.text.Sysctrl_SetXTHFreq)
    [Anonymous Symbol]                       0x000007e8   Section        0  sysctrl.o(.text.Sysctrl_SetXTHStableTime)
    [Anonymous Symbol]                       0x000007fc   Section        0  sysctrl.o(.text.Sysctrl_SysClkSwitch)
    __arm_cp.7_0                             0x00000820   Number         4  sysctrl.o(.text.Sysctrl_SysClkSwitch)
    __arm_cp.7_1                             0x00000824   Number         4  sysctrl.o(.text.Sysctrl_SysClkSwitch)
    __arm_cp.7_2                             0x00000828   Number         4  sysctrl.o(.text.Sysctrl_SysClkSwitch)
    [Anonymous Symbol]                       0x0000082c   Section        0  sysctrl.o(.text.Sysctrl_XTHDriverCfg)
    __arm_cp.1_0                             0x00000840   Number         4  sysctrl.o(.text.Sysctrl_XTHDriverCfg)
    [Anonymous Symbol]                       0x00000844   Section        0  system_hc32f072.o(.text.SystemCoreClockUpdate)
    [Anonymous Symbol]                       0x00000850   Section        0  system_hc32f072.o(.text.SystemInit)
    __arm_cp.1_0                             0x000008a4   Number         4  system_hc32f072.o(.text.SystemInit)
    __arm_cp.1_1                             0x000008a8   Number         4  system_hc32f072.o(.text.SystemInit)
    __arm_cp.1_2                             0x000008ac   Number         4  system_hc32f072.o(.text.SystemInit)
    __arm_cp.1_3                             0x000008b0   Number         4  system_hc32f072.o(.text.SystemInit)
    __arm_cp.1_4                             0x000008b4   Number         4  system_hc32f072.o(.text.SystemInit)
    __arm_cp.1_5                             0x000008b8   Number         4  system_hc32f072.o(.text.SystemInit)
    __arm_cp.1_6                             0x000008bc   Number         4  system_hc32f072.o(.text.SystemInit)
    __arm_cp.1_7                             0x000008c0   Number         4  system_hc32f072.o(.text.SystemInit)
    [Anonymous Symbol]                       0x000008c4   Section        0  interrupts_hc32f072.o(.text.TIM0_IRQHandler)
    [Anonymous Symbol]                       0x000008cc   Section        0  interrupts_hc32f072.o(.text.TIM1_IRQHandler)
    [Anonymous Symbol]                       0x000008d4   Section        0  interrupts_hc32f072.o(.text.TIM2_IRQHandler)
    [Anonymous Symbol]                       0x000008dc   Section        0  interrupts_hc32f072.o(.text.TIM3_IRQHandler)
    [Anonymous Symbol]                       0x000008e4   Section        0  interrupts_hc32f072.o(.text.TIM4_IRQHandler)
    [Anonymous Symbol]                       0x000008ec   Section        0  interrupts_hc32f072.o(.text.TIM5_IRQHandler)
    [Anonymous Symbol]                       0x000008f4   Section        0  interrupts_hc32f072.o(.text.TIM6_IRQHandler)
    [Anonymous Symbol]                       0x000008fc   Section        0  interrupts_hc32f072.o(.text.UART0_2_IRQHandler)
    [Anonymous Symbol]                       0x00000908   Section        0  interrupts_hc32f072.o(.text.UART1_3_IRQHandler)
    [Anonymous Symbol]                       0x00000914   Section        0  interrupts_hc32f072.o(.text.USBFS_IRQHandler)
    [Anonymous Symbol]                       0x0000091c   Section        0  interrupts_hc32f072.o(.text.VC0_1_2_LVD_IRQHandler)
    [Anonymous Symbol]                       0x00000930   Section        0  interrupts_hc32f072.o(.text.WDT_IRQHandler)
    [Anonymous Symbol]                       0x00000938   Section        0  ddl.o(.text.delay10us)
    __arm_cp.4_3                             0x00000978   Number         4  ddl.o(.text.delay10us)
    [Anonymous Symbol]                       0x0000097c   Section        0  ddl.o(.text.delay1ms)
    __arm_cp.2_0                             0x000009bc   Number         4  ddl.o(.text.delay1ms)
    __arm_cp.2_1                             0x000009c0   Number         4  ddl.o(.text.delay1ms)
    __arm_cp.2_2                             0x000009c4   Number         4  ddl.o(.text.delay1ms)
    [Anonymous Symbol]                       0x000009c8   Section        0  main.o(.text.main)
    __arm_cp.1_0                             0x00000ae0   Number         4  main.o(.text.main)
    __arm_cp.1_1                             0x00000ae4   Number         4  main.o(.text.main)
    __arm_cp.1_2                             0x00000ae8   Number         4  main.o(.text.main)
    __arm_cp.1_3                             0x00000aec   Number         4  main.o(.text.main)
    __arm_cp.1_4                             0x00000af0   Number         4  main.o(.text.main)
    __arm_cp.1_5                             0x00000af4   Number         4  main.o(.text.main)
    i.__scatterload_copy                     0x00000af8   Section       14  handlers.o(i.__scatterload_copy)
    i.__scatterload_null                     0x00000b06   Section        2  handlers.o(i.__scatterload_null)
    i.__scatterload_zeroinit                 0x00000b08   Section       14  handlers.o(i.__scatterload_zeroinit)
    [Anonymous Symbol]                       0x20000008   Section        0  main.o(.bss..L_MergedGlobals)
    STACK                                    0x20000030   Section      512  startup_hc32f072.o(STACK)

    Global Symbols

    Symbol Name                              Value     Ov Type        Size  Object(Section)

    BuildAttributes$$THM_ISAv3M$S$PE$A:L22$X:L11$S22$IEEE1$IW$~IW$USESV6$~STKCKD$USESV7$~SHL$OSPACE$EBA8$MICROLIB$REQ8$PRES8$EABIv2 0x00000000   Number         0  anon$$obj.o ABSOLUTE
    __Vectors                                0x00000000   Data           0  startup_hc32f072.o(RESET)
    Adc_IRQHandler                            - Undefined Weak Reference
    ClkTrim_IRQHandler                        - Undefined Weak Reference
    Cts_IRQHandler                            - Undefined Weak Reference
    Dac_IRQHandler                            - Undefined Weak Reference
    Dmac_IRQHandler                           - Undefined Weak Reference
    Flash_IRQHandler                          - Undefined Weak Reference
    I2c0_IRQHandler                           - Undefined Weak Reference
    I2c1_IRQHandler                           - Undefined Weak Reference
    I2s0_IRQHandler                           - Undefined Weak Reference
    I2s1_IRQHandler                           - Undefined Weak Reference
    LpUart0_IRQHandler                        - Undefined Weak Reference
    LpUart1_IRQHandler                        - Undefined Weak Reference
    Lvd_IRQHandler                            - Undefined Weak Reference
    Pca_IRQHandler                            - Undefined Weak Reference
    PortA_IRQHandler                          - Undefined Weak Reference
    PortB_IRQHandler                          - Undefined Weak Reference
    PortC_IRQHandler                          - Undefined Weak Reference
    PortD_IRQHandler                          - Undefined Weak Reference
    PortE_IRQHandler                          - Undefined Weak Reference
    PortF_IRQHandler                          - Undefined Weak Reference
    Ram_IRQHandler                            - Undefined Weak Reference
    Spi0_IRQHandler                           - Undefined Weak Reference
    Spi1_IRQHandler                           - Undefined Weak Reference
    SysTick_IRQHandler                        - Undefined Weak Reference
    Tim0_IRQHandler                           - Undefined Weak Reference
    Tim1_IRQHandler                           - Undefined Weak Reference
    Tim2_IRQHandler                           - Undefined Weak Reference
    Tim3_IRQHandler                           - Undefined Weak Reference
    Tim4_IRQHandler                           - Undefined Weak Reference
    Tim5_IRQHandler                           - Undefined Weak Reference
    Tim6_IRQHandler                           - Undefined Weak Reference
    Uart0_IRQHandler                          - Undefined Weak Reference
    Uart1_IRQHandler                          - Undefined Weak Reference
    Uart2_IRQHandler                          - Undefined Weak Reference
    Uart3_IRQHandler                          - Undefined Weak Reference
    Usbfs_IRQHandler                          - Undefined Weak Reference
    Vc0_IRQHandler                            - Undefined Weak Reference
    Vc1_IRQHandler                            - Undefined Weak Reference
    Vc2_IRQHandler                            - Undefined Weak Reference
    Wdt_IRQHandler                            - Undefined Weak Reference
    __cpp_initialize__aeabi_                  - Undefined Weak Reference
    __cxa_finalize                            - Undefined Weak Reference
    __decompress                              - Undefined Weak Reference
    _clock_init                               - Undefined Weak Reference
    _microlib_exit                            - Undefined Weak Reference
    __Vectors_End                            0x000000c0   Data           0  startup_hc32f072.o(RESET)
    __Vectors_Size                           0x000000c0   Number         0  startup_hc32f072.o ABSOLUTE
    __main                                   0x000000c1   Thumb Code     0  entry.o(.ARM.Collect$$$$00000000)
    _main_stk                                0x000000c1   Thumb Code     0  entry2.o(.ARM.Collect$$$$00000001)
    _main_scatterload                        0x000000c5   Thumb Code     0  entry5.o(.ARM.Collect$$$$00000004)
    __main_after_scatterload                 0x000000c9   Thumb Code     0  entry5.o(.ARM.Collect$$$$00000004)
    _main_clock                              0x000000c9   Thumb Code     0  entry7b.o(.ARM.Collect$$$$00000008)
    _main_cpp_init                           0x000000c9   Thumb Code     0  entry8b.o(.ARM.Collect$$$$0000000A)
    _main_init                               0x000000c9   Thumb Code     0  entry9a.o(.ARM.Collect$$$$0000000B)
    __rt_final_cpp                           0x000000d1   Thumb Code     0  entry10a.o(.ARM.Collect$$$$0000000D)
    __rt_final_exit                          0x000000d1   Thumb Code     0  entry11a.o(.ARM.Collect$$$$0000000F)
    Reset_Handler                            0x000000d5   Thumb Code    26  startup_hc32f072.o(.text)
    NMI_Handler                              0x000000ef   Thumb Code     2  startup_hc32f072.o(.text)
    SVC_Handler                              0x000000f3   Thumb Code     2  startup_hc32f072.o(.text)
    PendSV_Handler                           0x000000f5   Thumb Code     2  startup_hc32f072.o(.text)
    Dummy_Handler                            0x000000f9   Thumb Code     0  startup_hc32f072.o(.text)
    __aeabi_uidiv                            0x00000111   Thumb Code     0  uidiv_div0.o(.text)
    __aeabi_uidivmod                         0x00000111   Thumb Code    62  uidiv_div0.o(.text)
    __scatterload                            0x00000151   Thumb Code    28  init.o(.text)
    __scatterload_rt2                        0x00000151   Thumb Code     0  init.o(.text)
    main                                     0x00000175   Thumb Code    14  system_hc32f072.o(.text.$Sub$$main)
    ADC_DAC_IRQHandler                       0x00000183   Thumb Code    12  interrupts_hc32f072.o(.text.ADC_DAC_IRQHandler)
    CAN_FilterConfig                         0x00000191   Thumb Code   124  can.o(.text.CAN_FilterConfig)
    CAN_IRQHandler                           0x0000020d   Thumb Code     8  interrupts_hc32f072.o(.text.CAN_IRQHandler)
    CAN_Init                                 0x00000215   Thumb Code   168  can.o(.text.CAN_Init)
    CAN_IrqCmd                               0x000002c1   Thumb Code    20  can.o(.text.CAN_IrqCmd)
    CAN_IrqFlgClr                            0x000002d5   Thumb Code    16  can.o(.text.CAN_IrqFlgClr)
    CAN_IrqFlgGet                            0x000002e9   Thumb Code    12  can.o(.text.CAN_IrqFlgGet)
    CAN_Receive                              0x000002f9   Thumb Code    32  can.o(.text.CAN_Receive)
    CAN_SetFrame                             0x00000321   Thumb Code    52  can.o(.text.CAN_SetFrame)
    CAN_TransmitCmd                          0x00000359   Thumb Code    12  can.o(.text.CAN_TransmitCmd)
    CLKTRIM_CTS_IRQHandler                   0x00000369   Thumb Code    12  interrupts_hc32f072.o(.text.CLKTRIM_CTS_IRQHandler)
    Can_IRQHandler                           0x00000375   Thumb Code    44  main.o(.text.Can_IRQHandler)
    DMAC_IRQHandler                          0x000003a5   Thumb Code     8  interrupts_hc32f072.o(.text.DMAC_IRQHandler)
    EnableNvic                               0x000003ad   Thumb Code   112  interrupts_hc32f072.o(.text.EnableNvic)
    FLASH_RAM_IRQHandler                     0x00000431   Thumb Code    12  interrupts_hc32f072.o(.text.FLASH_RAM_IRQHandler)
    Gpio_ClrIO                               0x0000043d   Thumb Code    16  gpio.o(.text.Gpio_ClrIO)
    Gpio_Init                                0x00000451   Thumb Code   124  gpio.o(.text.Gpio_Init)
    Gpio_SetAfMode                           0x000004d9   Thumb Code    12  gpio.o(.text.Gpio_SetAfMode)
    HardFault_Handler                        0x000004e9   Thumb Code    16  interrupts_hc32f072.o(.text.HardFault_Handler)
    I2C0_IRQHandler                          0x000004f9   Thumb Code     8  interrupts_hc32f072.o(.text.I2C0_IRQHandler)
    I2C1_IRQHandler                          0x00000501   Thumb Code     8  interrupts_hc32f072.o(.text.I2C1_IRQHandler)
    LPUART0_IRQHandler                       0x00000509   Thumb Code     8  interrupts_hc32f072.o(.text.LPUART0_IRQHandler)
    LPUART1_IRQHandler                       0x00000511   Thumb Code     8  interrupts_hc32f072.o(.text.LPUART1_IRQHandler)
    PCA_IRQHandler                           0x00000519   Thumb Code     8  interrupts_hc32f072.o(.text.PCA_IRQHandler)
    PORTA_IRQHandler                         0x00000521   Thumb Code     8  interrupts_hc32f072.o(.text.PORTA_IRQHandler)
    PORTB_IRQHandler                         0x00000529   Thumb Code     8  interrupts_hc32f072.o(.text.PORTB_IRQHandler)
    PORTC_E_IRQHandler                       0x00000531   Thumb Code    12  interrupts_hc32f072.o(.text.PORTC_E_IRQHandler)
    PORTD_F_IRQHandler                       0x0000053d   Thumb Code    12  interrupts_hc32f072.o(.text.PORTD_F_IRQHandler)
    SPI0_I2S0_IRQHandler                     0x00000549   Thumb Code    12  interrupts_hc32f072.o(.text.SPI0_I2S0_IRQHandler)
    SPI1_I2S1_IRQHandler                     0x00000555   Thumb Code    12  interrupts_hc32f072.o(.text.SPI1_I2S1_IRQHandler)
    SetBit                                   0x00000561   Thumb Code    22  ddl.o(.text.SetBit)
    SysTick_Handler                          0x00000577   Thumb Code     8  interrupts_hc32f072.o(.text.SysTick_Handler)
    Sysctrl_ClkSourceEnable                  0x00000581   Thumb Code   316  sysctrl.o(.text.Sysctrl_ClkSourceEnable)
    Sysctrl_GetHClkFreq                      0x000006c9   Thumb Code   212  sysctrl.o(.text.Sysctrl_GetHClkFreq)
    Sysctrl_SetPeripheralGate                0x000007b5   Thumb Code    28  sysctrl.o(.text.Sysctrl_SetPeripheralGate)
    Sysctrl_SetXTHFreq                       0x000007d5   Thumb Code    20  sysctrl.o(.text.Sysctrl_SetXTHFreq)
    Sysctrl_SetXTHStableTime                 0x000007e9   Thumb Code    20  sysctrl.o(.text.Sysctrl_SetXTHStableTime)
    Sysctrl_SysClkSwitch                     0x000007fd   Thumb Code    36  sysctrl.o(.text.Sysctrl_SysClkSwitch)
    Sysctrl_XTHDriverCfg                     0x0000082d   Thumb Code    20  sysctrl.o(.text.Sysctrl_XTHDriverCfg)
    SystemCoreClockUpdate                    0x00000845   Thumb Code    12  system_hc32f072.o(.text.SystemCoreClockUpdate)
    SystemInit                               0x00000851   Thumb Code    84  system_hc32f072.o(.text.SystemInit)
    TIM0_IRQHandler                          0x000008c5   Thumb Code     8  interrupts_hc32f072.o(.text.TIM0_IRQHandler)
    TIM1_IRQHandler                          0x000008cd   Thumb Code     8  interrupts_hc32f072.o(.text.TIM1_IRQHandler)
    TIM2_IRQHandler                          0x000008d5   Thumb Code     8  interrupts_hc32f072.o(.text.TIM2_IRQHandler)
    TIM3_IRQHandler                          0x000008dd   Thumb Code     8  interrupts_hc32f072.o(.text.TIM3_IRQHandler)
    TIM4_IRQHandler                          0x000008e5   Thumb Code     8  interrupts_hc32f072.o(.text.TIM4_IRQHandler)
    TIM5_IRQHandler                          0x000008ed   Thumb Code     8  interrupts_hc32f072.o(.text.TIM5_IRQHandler)
    TIM6_IRQHandler                          0x000008f5   Thumb Code     8  interrupts_hc32f072.o(.text.TIM6_IRQHandler)
    UART0_2_IRQHandler                       0x000008fd   Thumb Code    12  interrupts_hc32f072.o(.text.UART0_2_IRQHandler)
    UART1_3_IRQHandler                       0x00000909   Thumb Code    12  interrupts_hc32f072.o(.text.UART1_3_IRQHandler)
    USBFS_IRQHandler                         0x00000915   Thumb Code     8  interrupts_hc32f072.o(.text.USBFS_IRQHandler)
    VC0_1_2_LVD_IRQHandler                   0x0000091d   Thumb Code    20  interrupts_hc32f072.o(.text.VC0_1_2_LVD_IRQHandler)
    WDT_IRQHandler                           0x00000931   Thumb Code     8  interrupts_hc32f072.o(.text.WDT_IRQHandler)
    delay10us                                0x00000939   Thumb Code    64  ddl.o(.text.delay10us)
    delay1ms                                 0x0000097d   Thumb Code    64  ddl.o(.text.delay1ms)
    $Super$$main                             0x000009c9   Thumb Code   280  main.o(.text.main)
    __scatterload_copy                       0x00000af9   Thumb Code    14  handlers.o(i.__scatterload_copy)
    __scatterload_null                       0x00000b07   Thumb Code     2  handlers.o(i.__scatterload_null)
    __scatterload_zeroinit                   0x00000b09   Thumb Code    14  handlers.o(i.__scatterload_zeroinit)
    Region$$Table$$Base                      0x00000b18   Number         0  anon$$obj.o(Region$$Table)
    Region$$Table$$Limit                     0x00000b38   Number         0  anon$$obj.o(Region$$Table)
    SystemCoreClock                          0x20000000   Data           4  system_hc32f072.o(.data.SystemCoreClock)
    u8RxFlag                                 0x20000008   Data           1  main.o(.bss..L_MergedGlobals)
    stcRxFrame                               0x2000000c   Data          16  main.o(.bss..L_MergedGlobals)
    stcTxFrame                               0x2000001c   Data          20  main.o(.bss..L_MergedGlobals)
    __initial_sp                             0x20000230   Data           0  startup_hc32f072.o(STACK)



==============================================================================

Memory Map of the image

  Image Entry point : 0x000000c1

  Load Region LR_IROM1 (Base: 0x00000000, Size: 0x00000b40, Max: 0x00040000, ABSOLUTE)

    Execution Region ER_IROM1 (Exec base: 0x00000000, Load base: 0x00000000, Size: 0x00000b38, Max: 0x00040000, ABSOLUTE)

    Exec Addr    Load Addr    Size         Type   Attr      Idx    E Section Name        Object

    0x00000000   0x00000000   0x000000c0   Data   RO           88    RESET               startup_hc32f072.o
    0x000000c0   0x000000c0   0x00000000   Code   RO          287  * .ARM.Collect$$$$00000000  mc_p.l(entry.o)
    0x000000c0   0x000000c0   0x00000004   Code   RO          294    .ARM.Collect$$$$00000001  mc_p.l(entry2.o)
    0x000000c4   0x000000c4   0x00000004   Code   RO          297    .ARM.Collect$$$$00000004  mc_p.l(entry5.o)
    0x000000c8   0x000000c8   0x00000000   Code   RO          299    .ARM.Collect$$$$00000008  mc_p.l(entry7b.o)
    0x000000c8   0x000000c8   0x00000000   Code   RO          301    .ARM.Collect$$$$0000000A  mc_p.l(entry8b.o)
    0x000000c8   0x000000c8   0x00000008   Code   RO          302    .ARM.Collect$$$$0000000B  mc_p.l(entry9a.o)
    0x000000d0   0x000000d0   0x00000000   Code   RO          304    .ARM.Collect$$$$0000000D  mc_p.l(entry10a.o)
    0x000000d0   0x000000d0   0x00000000   Code   RO          306    .ARM.Collect$$$$0000000F  mc_p.l(entry11a.o)
    0x000000d0   0x000000d0   0x00000004   Code   RO          295    .ARM.Collect$$$$00002712  mc_p.l(entry2.o)
    0x000000d4   0x000000d4   0x0000003c   Code   RO           89    .text               startup_hc32f072.o
    0x00000110   0x00000110   0x0000003e   Code   RO          310    .text               mc_p.l(uidiv_div0.o)
    0x0000014e   0x0000014e   0x00000002   PAD
    0x00000150   0x00000150   0x00000024   Code   RO          316    .text               mc_p.l(init.o)
    0x00000174   0x00000174   0x0000000e   Code   RO            6    .text.$Sub$$main    system_hc32f072.o
    0x00000182   0x00000182   0x0000000c   Code   RO           67    .text.ADC_DAC_IRQHandler  interrupts_hc32f072.o
    0x0000018e   0x0000018e   0x00000002   PAD
    0x00000190   0x00000190   0x0000007c   Code   RO          178    .text.CAN_FilterConfig  can.o
    0x0000020c   0x0000020c   0x00000008   Code   RO           73    .text.CAN_IRQHandler  interrupts_hc32f072.o
    0x00000214   0x00000214   0x000000ac   Code   RO          172    .text.CAN_Init      can.o
    0x000002c0   0x000002c0   0x00000014   Code   RO          194    .text.CAN_IrqCmd    can.o
    0x000002d4   0x000002d4   0x00000014   Code   RO          198    .text.CAN_IrqFlgClr  can.o
    0x000002e8   0x000002e8   0x00000010   Code   RO          196    .text.CAN_IrqFlgGet  can.o
    0x000002f8   0x000002f8   0x00000028   Code   RO          186    .text.CAN_Receive   can.o
    0x00000320   0x00000320   0x00000038   Code   RO          180    .text.CAN_SetFrame  can.o
    0x00000358   0x00000358   0x00000010   Code   RO          182    .text.CAN_TransmitCmd  can.o
    0x00000368   0x00000368   0x0000000c   Code   RO           77    .text.CLKTRIM_CTS_IRQHandler  interrupts_hc32f072.o
    0x00000374   0x00000374   0x00000030   Code   RO          274    .text.Can_IRQHandler  main.o
    0x000003a4   0x000003a4   0x00000008   Code   RO           31    .text.DMAC_IRQHandler  interrupts_hc32f072.o
    0x000003ac   0x000003ac   0x00000084   Code   RO           17    .text.EnableNvic    interrupts_hc32f072.o
    0x00000430   0x00000430   0x0000000c   Code   RO           75    .text.FLASH_RAM_IRQHandler  interrupts_hc32f072.o
    0x0000043c   0x0000043c   0x00000014   Code   RO          230    .text.Gpio_ClrIO    gpio.o
    0x00000450   0x00000450   0x00000088   Code   RO          214    .text.Gpio_Init     gpio.o
    0x000004d8   0x000004d8   0x00000010   Code   RO          236    .text.Gpio_SetAfMode  gpio.o
    0x000004e8   0x000004e8   0x00000010   Code   RO           19    .text.HardFault_Handler  interrupts_hc32f072.o
    0x000004f8   0x000004f8   0x00000008   Code   RO           47    .text.I2C0_IRQHandler  interrupts_hc32f072.o
    0x00000500   0x00000500   0x00000008   Code   RO           49    .text.I2C1_IRQHandler  interrupts_hc32f072.o
    0x00000508   0x00000508   0x00000008   Code   RO           39    .text.LPUART0_IRQHandler  interrupts_hc32f072.o
    0x00000510   0x00000510   0x00000008   Code   RO           41    .text.LPUART1_IRQHandler  interrupts_hc32f072.o
    0x00000518   0x00000518   0x00000008   Code   RO           63    .text.PCA_IRQHandler  interrupts_hc32f072.o
    0x00000520   0x00000520   0x00000008   Code   RO           23    .text.PORTA_IRQHandler  interrupts_hc32f072.o
    0x00000528   0x00000528   0x00000008   Code   RO           25    .text.PORTB_IRQHandler  interrupts_hc32f072.o
    0x00000530   0x00000530   0x0000000c   Code   RO           27    .text.PORTC_E_IRQHandler  interrupts_hc32f072.o
    0x0000053c   0x0000053c   0x0000000c   Code   RO           29    .text.PORTD_F_IRQHandler  interrupts_hc32f072.o
    0x00000548   0x00000548   0x0000000c   Code   RO           43    .text.SPI0_I2S0_IRQHandler  interrupts_hc32f072.o
    0x00000554   0x00000554   0x0000000c   Code   RO           45    .text.SPI1_I2S1_IRQHandler  interrupts_hc32f072.o
    0x00000560   0x00000560   0x00000016   Code   RO          106    .text.SetBit        ddl.o
    0x00000576   0x00000576   0x00000008   Code   RO           21    .text.SysTick_Handler  interrupts_hc32f072.o
    0x0000057e   0x0000057e   0x00000002   PAD
    0x00000580   0x00000580   0x00000148   Code   RO          118    .text.Sysctrl_ClkSourceEnable  sysctrl.o
    0x000006c8   0x000006c8   0x000000ec   Code   RO          134    .text.Sysctrl_GetHClkFreq  sysctrl.o
    0x000007b4   0x000007b4   0x00000020   Code   RO          154    .text.Sysctrl_SetPeripheralGate  sysctrl.o
    0x000007d4   0x000007d4   0x00000014   Code   RO          148    .text.Sysctrl_SetXTHFreq  sysctrl.o
    0x000007e8   0x000007e8   0x00000014   Code   RO          124    .text.Sysctrl_SetXTHStableTime  sysctrl.o
    0x000007fc   0x000007fc   0x00000030   Code   RO          132    .text.Sysctrl_SysClkSwitch  sysctrl.o
    0x0000082c   0x0000082c   0x00000018   Code   RO          120    .text.Sysctrl_XTHDriverCfg  sysctrl.o
    0x00000844   0x00000844   0x0000000c   Code   RO            2    .text.SystemCoreClockUpdate  system_hc32f072.o
    0x00000850   0x00000850   0x00000074   Code   RO            4    .text.SystemInit    system_hc32f072.o
    0x000008c4   0x000008c4   0x00000008   Code   RO           51    .text.TIM0_IRQHandler  interrupts_hc32f072.o
    0x000008cc   0x000008cc   0x00000008   Code   RO           53    .text.TIM1_IRQHandler  interrupts_hc32f072.o
    0x000008d4   0x000008d4   0x00000008   Code   RO           55    .text.TIM2_IRQHandler  interrupts_hc32f072.o
    0x000008dc   0x000008dc   0x00000008   Code   RO           33    .text.TIM3_IRQHandler  interrupts_hc32f072.o
    0x000008e4   0x000008e4   0x00000008   Code   RO           57    .text.TIM4_IRQHandler  interrupts_hc32f072.o
    0x000008ec   0x000008ec   0x00000008   Code   RO           59    .text.TIM5_IRQHandler  interrupts_hc32f072.o
    0x000008f4   0x000008f4   0x00000008   Code   RO           61    .text.TIM6_IRQHandler  interrupts_hc32f072.o
    0x000008fc   0x000008fc   0x0000000c   Code   RO           35    .text.UART0_2_IRQHandler  interrupts_hc32f072.o
    0x00000908   0x00000908   0x0000000c   Code   RO           37    .text.UART1_3_IRQHandler  interrupts_hc32f072.o
    0x00000914   0x00000914   0x00000008   Code   RO           71    .text.USBFS_IRQHandler  interrupts_hc32f072.o
    0x0000091c   0x0000091c   0x00000014   Code   RO           69    .text.VC0_1_2_LVD_IRQHandler  interrupts_hc32f072.o
    0x00000930   0x00000930   0x00000008   Code   RO           65    .text.WDT_IRQHandler  interrupts_hc32f072.o
    0x00000938   0x00000938   0x00000044   Code   RO          104    .text.delay10us     ddl.o
    0x0000097c   0x0000097c   0x0000004c   Code   RO          100    .text.delay1ms      ddl.o
    0x000009c8   0x000009c8   0x00000130   Code   RO          276    .text.main          main.o
    0x00000af8   0x00000af8   0x0000000e   Code   RO          320    i.__scatterload_copy  mc_p.l(handlers.o)
    0x00000b06   0x00000b06   0x00000002   Code   RO          321    i.__scatterload_null  mc_p.l(handlers.o)
    0x00000b08   0x00000b08   0x0000000e   Code   RO          322    i.__scatterload_zeroinit  mc_p.l(handlers.o)
    0x00000b16   0x00000b16   0x00000002   PAD
    0x00000b18   0x00000b18   0x00000020   Data   RO          319    Region$$Table       anon$$obj.o


    Execution Region RW_IRAM1 (Exec base: 0x20000000, Load base: 0x00000b38, Size: 0x00000230, Max: 0x00020000, ABSOLUTE)

    Exec Addr    Load Addr    Size         Type   Attr      Idx    E Section Name        Object

    0x20000000   0x00000b38   0x00000004   Data   RW            8    .data.SystemCoreClock  system_hc32f072.o
    0x20000004   0x00000b3c   0x00000004   PAD
    0x20000008        -       0x00000028   Zero   RW          279    .bss..L_MergedGlobals  main.o
    0x20000030        -       0x00000200   Zero   RW           86    STACK               startup_hc32f072.o


==============================================================================

Image component sizes


      Code (inc. data)   RO Data    RW Data    ZI Data      Debug   Object Name

       464         28          0          0          0      11870   can.o
       166         16          0          0          0       2543   ddl.o
       172         20          0          0          0      64386   gpio.o
       428         20          0          0          0       5880   interrupts_hc32f072.o
       352         28          0          0         40       8634   main.o
        60         22        192          0        512        624   startup_hc32f072.o
       708         82          0          0          0      70450   sysctrl.o
       142         32          0          4          0      58517   system_hc32f072.o

    ----------------------------------------------------------------------
      2496        248        224          4        556     222904   Object Totals
         0          0         32          0          0          0   (incl. Generated)
         4          0          0          0          4          0   (incl. Padding)

    ----------------------------------------------------------------------

      Code (inc. data)   RO Data    RW Data    ZI Data      Debug   Library Member Name

         0          0          0          0          0          0   entry.o
         0          0          0          0          0          0   entry10a.o
         0          0          0          0          0          0   entry11a.o
         8          4          0          0          0          0   entry2.o
         4          0          0          0          0          0   entry5.o
         0          0          0          0          0          0   entry7b.o
         0          0          0          0          0          0   entry8b.o
         8          4          0          0          0          0   entry9a.o
        30          0          0          0          0          0   handlers.o
        36          8          0          0          0         68   init.o
        62          0          0          0          0         72   uidiv_div0.o

    ----------------------------------------------------------------------
       152         16          0          0          0        140   Library Totals
         4          0          0          0          0          0   (incl. Padding)

    ----------------------------------------------------------------------

      Code (inc. data)   RO Data    RW Data    ZI Data      Debug   Library Name

       148         16          0          0          0        140   mc_p.l

    ----------------------------------------------------------------------
       152         16          0          0          0        140   Library Totals

    ----------------------------------------------------------------------

==============================================================================


      Code (inc. data)   RO Data    RW Data    ZI Data      Debug   

      2648        264        224          4        556     223076   Grand Totals
      2648        264        224          4        556     223076   ELF Image Totals
      2648        264        224          4          0          0   ROM Totals

==============================================================================

    Total RO  Size (Code + RO Data)                 2872 (   2.80kB)
    Total RW  Size (RW Data + ZI Data)               560 (   0.55kB)
    Total ROM Size (Code + RO Data + RW Data)       2876 (   2.81kB)

==============================================================================

